Component: ARM Compiler 5.06 update 3 (build 300) Tool: armlink [4d35c9]

==============================================================================

Section Cross References

    main.o(i.Data_Init) refers to main.o(.data) for .data
    main.o(i.Set_System) refers to usart.o(i.uart_init) for uart_init
    main.o(i.Set_System) refers to exti.o(i.EXTI_Init) for EXTI_Init
    main.o(i.Set_System) refers to led.o(i.LED_Init) for LED_Init
    main.o(i.Set_System) refers to dma.o(i.MYDMA_Config) for MYDMA_Config
    main.o(i.Set_System) refers to myiic.o(i.IIC_Init) for IIC_Init
    main.o(i.Set_System) refers to mpu9250.o(i.MPU9250_Init) for MPU9250_Init
    main.o(i.Set_System) refers to malloc.o(i.my_mem_init) for my_mem_init
    main.o(i.Set_System) refers to sdmmc_sdcard.o(i.SD_Init) for SD_Init
    main.o(i.Set_System) refers to delay.o(i.delay_ms) for delay_ms
    main.o(i.Set_System) refers to exfuns.o(i.exfuns_init) for exfuns_init
    main.o(i.Set_System) refers to ff.o(i.f_mount) for f_mount
    main.o(i.Set_System) refers to exfuns.o(i.sd_creatfile) for sd_creatfile
    main.o(i.Set_System) refers to main.o(.data) for .data
    main.o(i.Set_System) refers to exfuns.o(.bss) for fs
    main.o(i.main) refers to sys.o(i.Cache_Enable) for Cache_Enable
    main.o(i.main) refers to stm32f7xx_hal.o(i.HAL_Init) for HAL_Init
    main.o(i.main) refers to sys.o(i.Stm32_Clock_Init) for Stm32_Clock_Init
    main.o(i.main) refers to delay.o(i.delay_init) for delay_init
    main.o(i.main) refers to main.o(i.Set_System) for Set_System
    main.o(i.main) refers to getgps.o(i.GPS_Rate_Config) for GPS_Rate_Config
    main.o(i.main) refers to getgps.o(i.GpsConfig) for GpsConfig
    main.o(i.main) refers to tasks.o(i.xTaskCreate) for xTaskCreate
    main.o(i.main) refers to tasks.o(i.vTaskStartScheduler) for vTaskStartScheduler
    main.o(i.main) refers to main.o(.data) for .data
    main.o(i.main) refers to main.o(i.start_task) for start_task
    main.o(i.start_task) refers to port.o(i.vPortEnterCritical) for vPortEnterCritical
    main.o(i.start_task) refers to task1.o(i.task1_init) for task1_init
    main.o(i.start_task) refers to task2.o(i.task2_init) for task2_init
    main.o(i.start_task) refers to gpstask.o(i.GpsTask_init) for GpsTask_init
    main.o(i.start_task) refers to tasks.o(i.vTaskDelete) for vTaskDelete
    main.o(i.start_task) refers to port.o(i.vPortExitCritical) for vPortExitCritical
    main.o(i.start_task) refers to main.o(.data) for .data
    stm32f7xx_it.o(i.HardFault_Handler) refers to noretval__2printf.o(.text) for __2printf
    system_stm32f7xx.o(i.SystemCoreClockUpdate) refers to system_stm32f7xx.o(.data) for .data
    system_stm32f7xx.o(i.SystemCoreClockUpdate) refers to system_stm32f7xx.o(.constdata) for .constdata
    task1.o(i.task1_init) refers to tasks.o(i.xTaskCreate) for xTaskCreate
    task1.o(i.task1_init) refers to queue.o(i.xQueueGenericCreate) for xQueueGenericCreate
    task1.o(i.task1_init) refers to task1.o(.data) for .data
    task1.o(i.task1_init) refers to task1.o(i.task1_main) for task1_main
    task1.o(i.task1_main) refers to timer.o(i.TIM3_Init) for TIM3_Init
    task1.o(i.task1_main) refers to queue.o(i.xQueueReceiveFromISR) for xQueueReceiveFromISR
    task1.o(i.task1_main) refers to mpu9250.o(i.Get_IMU) for Get_IMU
    task1.o(i.task1_main) refers to task2.o(i.task2_send_massage) for task2_send_massage
    task1.o(i.task1_main) refers to task1.o(.data) for .data
    task1.o(i.task1_send_massage) refers to queue.o(i.xQueueGenericSendFromISR) for xQueueGenericSendFromISR
    task1.o(i.task1_send_massage) refers to task1.o(.data) for .data
    task2.o(i.task2_init) refers to tasks.o(i.xTaskCreate) for xTaskCreate
    task2.o(i.task2_init) refers to queue.o(i.xQueueGenericCreate) for xQueueGenericCreate
    task2.o(i.task2_init) refers to task2.o(.data) for .data
    task2.o(i.task2_init) refers to task2.o(i.task2_main) for task2_main
    task2.o(i.task2_main) refers to _printf_percent.o(.ARM.Collect$$_printf_percent$$00000000) for _printf_percent
    task2.o(i.task2_main) refers to _printf_d.o(.ARM.Collect$$_printf_percent$$00000009) for _printf_d
    task2.o(i.task2_main) refers to _printf_dec.o(.text) for _printf_int_dec
    task2.o(i.task2_main) refers to _printf_s.o(.ARM.Collect$$_printf_percent$$00000014) for _printf_s
    task2.o(i.task2_main) refers to _printf_str.o(.text) for _printf_str
    task2.o(i.task2_main) refers to queue.o(i.xQueueGenericReceive) for xQueueGenericReceive
    task2.o(i.task2_main) refers to rt_memcpy_w.o(.text) for __aeabi_memcpy4
    task2.o(i.task2_main) refers to sendgps.o(i.GetLGPGGA) for GetLGPGGA
    task2.o(i.task2_main) refers to sendgps.o(i.GetGPRMC) for GetGPRMC
    task2.o(i.task2_main) refers to noretval__2printf.o(.text) for __2printf
    task2.o(i.task2_main) refers to exfuns.o(i.sd_savegps) for sd_savegps
    task2.o(i.task2_main) refers to exfuns.o(i.sd_saveimu) for sd_saveimu
[...]
    __2printf                                0x080004e1   Thumb Code    20  noretval__2printf.o(.text)
    _printf_str                              0x080004f9   Thumb Code    82  _printf_str.o(.text)
    _printf_int_dec                          0x0800054d   Thumb Code   104  _printf_dec.o(.text)
    __printf                                 0x080005c5   Thumb Code   184  __printf_ss.o(.text)
    atoi                                     0x0800067d   Thumb Code    26  atoi.o(.text)
    abs                                      0x08000697   Thumb Code     8  abs.o(.text)
    __aeabi_memcpy                           0x0800069f   Thumb Code     0  rt_memcpy_v6.o(.text)
    __rt_memcpy                              0x0800069f   Thumb Code   138  rt_memcpy_v6.o(.text)
    _memcpy_lastbytes                        0x08000705   Thumb Code     0  rt_memcpy_v6.o(.text)
    __aeabi_memcpy4                          0x08000729   Thumb Code     0  rt_memcpy_w.o(.text)
    __aeabi_memcpy8                          0x08000729   Thumb Code     0  rt_memcpy_w.o(.text)
    __rt_memcpy_w                            0x08000729   Thumb Code   100  rt_memcpy_w.o(.text)
    _memcpy_lastbytes_aligned                0x08000771   Thumb Code     0  rt_memcpy_w.o(.text)
    __aeabi_memset                           0x0800078d   Thumb Code    16  aeabi_memset.o(.text)
    __aeabi_memclr4                          0x0800079d   Thumb Code     0  rt_memclr_w.o(.text)
    __aeabi_memclr8                          0x0800079d   Thumb Code     0  rt_memclr_w.o(.text)
    __rt_memclr_w                            0x0800079d   Thumb Code    78  rt_memclr_w.o(.text)
    _memset_w                                0x080007a1   Thumb Code     0  rt_memclr_w.o(.text)
    strcmp                                   0x080007ed   Thumb Code   104  strcmpv7m_pel.o(.text)
    __use_two_region_memory                  0x08000855   Thumb Code     2  heapauxi.o(.text)
    __rt_heap_escrow                         0x08000857   Thumb Code     2  heapauxi.o(.text)
    __rt_heap_expand                         0x08000859   Thumb Code     2  heapauxi.o(.text)
    __I$use$semihosting                      0x0800085b   Thumb Code     0  use_no_semi.o(.text)
    __use_no_semihosting_swi                 0x0800085b   Thumb Code     2  use_no_semi.o(.text)
    __aeabi_errno_addr                       0x0800085d   Thumb Code     8  rt_errno_addr_intlibspace.o(.text)
    __errno$intlibspace                      0x0800085d   Thumb Code     0  rt_errno_addr_intlibspace.o(.text)
    __rt_errno_addr$intlibspace              0x0800085d   Thumb Code     0  rt_errno_addr_intlibspace.o(.text)
    __read_errno                             0x08000865   Thumb Code    10  _rserrno.o(.text)
    __set_errno                              0x0800086f   Thumb Code    12  _rserrno.o(.text)
    _printf_int_common                       0x0800087b   Thumb Code   178  _printf_intcommon.o(.text)
    _printf_char_common                      0x08000937   Thumb Code    32  _printf_char_common.o(.text)
    _printf_cs_common                        0x0800095d   Thumb Code    20  _printf_char.o(.text)
    _printf_char                             0x08000971   Thumb Code    16  _printf_char.o(.text)
    _printf_string                           0x08000981   Thumb Code     8  _printf_char.o(.text)
    _printf_char_file                        0x08000989   Thumb Code    32  _printf_char_file.o(.text)
    __strtod_int                             0x080009e9   Thumb Code    90  strtod.o(.text)
    strtol                                   0x08000a51   Thumb Code   112  strtol.o(.text)
    __aeabi_memclr                           0x08000ac1   Thumb Code     0  rt_memclr.o(.text)
    __rt_memclr                              0x08000ac1   Thumb Code    68  rt_memclr.o(.text)
    _memset                                  0x08000ac5   Thumb Code     0  rt_memclr.o(.text)
    __user_libspace                          0x08000b05   Thumb Code     8  libspace.o(.text)
    __user_perproc_libspace                  0x08000b05   Thumb Code     0  libspace.o(.text)
    __user_perthread_libspace                0x08000b05   Thumb Code     0  libspace.o(.text)
    __rt_ctype_table                         0x08000b0d   Thumb Code    16  rt_ctype_table.o(.text)
    isspace                                  0x08000b1d   Thumb Code    18  isspace.o(.text)
    _sgetc                                   0x08000b2f   Thumb Code    30  _sgetc.o(.text)
    _sbackspace                              0x08000b4d   Thumb Code    34  _sgetc.o(.text)
    _strtoul                                 0x08000b6f   Thumb Code   158  _strtoul.o(.text)
    ferror                                   0x08000c0d   Thumb Code     8  ferror.o(.text)
    __user_setup_stackheap                   0x08000c15   Thumb Code    74  sys_stackheap_outer.o(.text)
    __rt_locale                              0x08000c61   Thumb Code     8  rt_locale_intlibspace.o(.text)
    _chval                                   0x08000c69   Thumb Code    28  _chval.o(.text)
    _scanf_really_real                       0x08000e81   Thumb Code   668  scanf_fp.o(.text)
    exit                                     0x08001129   Thumb Code    18  exit.o(.text)
    _btod_etento                             0x0800113d   Thumb Code   216  bigflt0.o(.text)
    _scanf_really_hex_real                   0x08001219   Thumb Code   786  scanf_hexfp.o(.text)
    _scanf_really_infnan                     0x08001539   Thumb Code   292  scanf_infnan.o(.text)
    __aeabi_llsl                             0x0800166d   Thumb Code     0  llshl.o(.text)
    _ll_shift_l                              0x0800166d   Thumb Code    38  llshl.o(.text)
    __btod_div_common                        0x08001693   Thumb Code   696  btod.o(CL$$btod_div_common)
    _e2d                                     0x080019cd   Thumb Code    80  btod.o(CL$$btod_e2d)
    _e2e                                     0x08001a21   Thumb Code   198  btod.o(CL$$btod_e2e)
    _btod_ediv                               0x08001ae7   Thumb Code    40  btod.o(CL$$btod_ediv)
    _btod_edivd                              0x08001b0f   Thumb Code    40  btod.o(CL$$btod_edivd)
    _btod_emul                               0x08001b37   Thumb Code    40  btod.o(CL$$btod_emul)
    _btod_emuld                              0x08001b5f   Thumb Code    40  btod.o(CL$$btod_emuld)
    __btod_mult_common                       0x08001b87   Thumb Code   580  btod.o(CL$$btod_mult_common)
    BusFault_Handler                         0x08001dcb   Thumb Code     2  stm32f7xx_it.o(i.BusFault_Handler)
    Cache_Enable                             0x08001dcd   Thumb Code   116  sys.o(i.Cache_Enable)
    DataJudge                                0x08001e55   Thumb Code    48  getgps.o(i.DataJudge)
    DebugMon_Handler                         0x08001e85   Thumb Code     2  stm32f7xx_it.o(i.DebugMon_Handler)
    EXTI15_10_IRQHandler                     0x08001e87   Thumb Code     8  exti.o(i.EXTI15_10_IRQHandler)
    EXTI_Init                                0x08001e91   Thumb Code    68  exti.o(i.EXTI_Init)
    Flag_Clear                               0x08001ee1   Thumb Code    22  getgps.o(i.Flag_Clear)
    GPS_Rate_Config                          0x08001efd   Thumb Code    44  getgps.o(i.GPS_Rate_Config)
    GetField                                 0x08001f31   Thumb Code   130  getgps.o(i.GetField)
    GetGPRMC                                 0x08001fb9   Thumb Code  1148  sendgps.o(i.GetGPRMC)
    GetLGPGGA                                0x08002479   Thumb Code  1146  sendgps.o(i.GetLGPGGA)
    Get_IMU                                  0x08002935   Thumb Code   188  mpu9250.o(i.Get_IMU)
    GpsConfig                                0x080029f1   Thumb Code   298  getgps.o(i.GpsConfig)
    GpsTask_init                             0x08002c59   Thumb Code    50  gpstask.o(i.GpsTask_init)
    GpsTask_main                             0x08002ca1   Thumb Code   120  gpstask.o(i.GpsTask_main)
    GpsTask_send_massage                     0x08002d25   Thumb Code    34  gpstask.o(i.GpsTask_send_massage)
    HAL_DMA_Abort                            0x08002d4d   Thumb Code   166  stm32f7xx_hal_dma.o(i.HAL_DMA_Abort)
    HAL_DMA_Abort_IT                         0x08002df3   Thumb Code    36  stm32f7xx_hal_dma.o(i.HAL_DMA_Abort_IT)
    HAL_DMA_DeInit                           0x08002e19   Thumb Code   124  stm32f7xx_hal_dma.o(i.HAL_DMA_DeInit)
    HAL_DMA_Init                             0x08002e9d   Thumb Code   336  stm32f7xx_hal_dma.o(i.HAL_DMA_Init)
    HAL_DMA_Start_IT                         0x08002ff9   Thumb Code   170  stm32f7xx_hal_dma.o(i.HAL_DMA_Start_IT)
    HAL_Delay                                0x080030a3   Thumb Code    22  stm32f7xx_hal.o(i.HAL_Delay)
    HAL_GPIO_EXTI_Callback                   0x080030b9   Thumb Code    18  exti.o(i.HAL_GPIO_EXTI_Callback)
    HAL_GPIO_EXTI_IRQHandler                 0x080030d1   Thumb Code    20  stm32f7xx_hal_gpio.o(i.HAL_GPIO_EXTI_IRQHandler)
    HAL_GPIO_Init                            0x080030e9   Thumb Code   544  stm32f7xx_hal_gpio.o(i.HAL_GPIO_Init)
    HAL_GPIO_ReadPin                         0x08003319   Thumb Code    10  stm32f7xx_hal_gpio.o(i.HAL_GPIO_ReadPin)
    HAL_GPIO_WritePin                        0x08003323   Thumb Code    10  stm32f7xx_hal_gpio.o(i.HAL_GPIO_WritePin)
    HAL_GetTick                              0x0800332d   Thumb Code     6  stm32f7xx_hal.o(i.HAL_GetTick)
    HAL_IncTick                              0x08003339   Thumb Code    10  stm32f7xx_hal.o(i.HAL_IncTick)
    HAL_Init                                 0x08003349   Thumb Code    32  stm32f7xx_hal.o(i.HAL_Init)
    HAL_InitTick                             0x0800336d   Thumb Code    34  stm32f7xx_hal.o(i.HAL_InitTick)
    HAL_MspInit                              0x08003395   Thumb Code     2  stm32f7xx_hal.o(i.HAL_MspInit)
    HAL_NVIC_EnableIRQ                       0x08003397   Thumb Code    24  stm32f7xx_hal_cortex.o(i.HAL_NVIC_EnableIRQ)
    HAL_NVIC_SetPriority                     0x080033b1   Thumb Code    94  stm32f7xx_hal_cortex.o(i.HAL_NVIC_SetPriority)
    HAL_NVIC_SetPriorityGrouping             0x08003415   Thumb Code    30  stm32f7xx_hal_cortex.o(i.HAL_NVIC_SetPriorityGrouping)
    HAL_PWREx_EnableOverDrive                0x08003439   Thumb Code   114  stm32f7xx_hal_pwr_ex.o(i.HAL_PWREx_EnableOverDrive)
    HAL_RCC_ClockConfig                      0x080034b5   Thumb Code   368  stm32f7xx_hal_rcc.o(i.HAL_RCC_ClockConfig)
    HAL_RCC_GetPCLK1Freq                     0x08003639   Thumb Code    34  stm32f7xx_hal_rcc.o(i.HAL_RCC_GetPCLK1Freq)
    HAL_RCC_GetPCLK2Freq                     0x08003669   Thumb Code    34  stm32f7xx_hal_rcc.o(i.HAL_RCC_GetPCLK2Freq)
    HAL_RCC_GetSysClockFreq                  0x08003699   Thumb Code   136  stm32f7xx_hal_rcc.o(i.HAL_RCC_GetSysClockFreq)
    HAL_RCC_OscConfig                        0x08003731   Thumb Code   942  stm32f7xx_hal_rcc_ex.o(i.HAL_RCC_OscConfig)
    HAL_SD_Get_CardInfo                      0x08003af5   Thumb Code   706  stm32f7xx_hal_sd.o(i.HAL_SD_Get_CardInfo)
    HAL_SD_Init                              0x08003db7   Thumb Code  1042  stm32f7xx_hal_sd.o(i.HAL_SD_Init)
    HAL_SD_MspInit                           0x080041c9   Thumb Code   122  sdmmc_sdcard.o(i.HAL_SD_MspInit)
    HAL_SD_ReadBlocks                        0x08004255   Thumb Code   436  stm32f7xx_hal_sd.o(i.HAL_SD_ReadBlocks)
    HAL_SD_StopTransfer                      0x08004409   Thumb Code    44  stm32f7xx_hal_sd.o(i.HAL_SD_StopTransfer)
    HAL_SD_WideBusOperation_Config           0x08004435   Thumb Code   314  stm32f7xx_hal_sd.o(i.HAL_SD_WideBusOperation_Config)
    HAL_SD_WriteBlocks                       0x0800456f   Thumb Code   526  stm32f7xx_hal_sd.o(i.HAL_SD_WriteBlocks)
    HAL_SYSTICK_CLKSourceConfig              0x0800477d   Thumb Code    22  stm32f7xx_hal_cortex.o(i.HAL_SYSTICK_CLKSourceConfig)
    HAL_SYSTICK_Config                       0x08004795   Thumb Code    38  stm32f7xx_hal_cortex.o(i.HAL_SYSTICK_Config)
    HAL_TIMEx_BreakCallback                  0x080047c1   Thumb Code     2  stm32f7xx_hal_tim_ex.o(i.HAL_TIMEx_BreakCallback)
    HAL_TIMEx_CommutationCallback            0x080047c3   Thumb Code     2  stm32f7xx_hal_tim_ex.o(i.HAL_TIMEx_CommutationCallback)
    HAL_TIM_Base_Init                        0x080047c5   Thumb Code    50  stm32f7xx_hal_tim.o(i.HAL_TIM_Base_Init)
    HAL_TIM_Base_MspInit                     0x080047f9   Thumb Code    96  timer.o(i.HAL_TIM_Base_MspInit)
    HAL_TIM_Base_Start_IT                    0x0800485d   Thumb Code    24  stm32f7xx_hal_tim.o(i.HAL_TIM_Base_Start_IT)
    HAL_TIM_IC_CaptureCallback               0x08004875   Thumb Code     2  stm32f7xx_hal_tim.o(i.HAL_TIM_IC_CaptureCallback)
    HAL_TIM_IRQHandler                       0x08004877   Thumb Code   390  stm32f7xx_hal_tim.o(i.HAL_TIM_IRQHandler)
    HAL_TIM_OC_DelayElapsedCallback          0x080049fd   Thumb Code     2  stm32f7xx_hal_tim.o(i.HAL_TIM_OC_DelayElapsedCallback)
    HAL_TIM_PWM_PulseFinishedCallback        0x080049ff   Thumb Code     2  stm32f7xx_hal_tim.o(i.HAL_TIM_PWM_PulseFinishedCallback)
    HAL_TIM_PeriodElapsedCallback            0x08004a01   Thumb Code    38  timer.o(i.HAL_TIM_PeriodElapsedCallback)
    HAL_TIM_TriggerCallback                  0x08004a41   Thumb Code     2  stm32f7xx_hal_tim.o(i.HAL_TIM_TriggerCallback)
    HAL_UART_DMAStop                         0x08004a43   Thumb Code   120  stm32f7xx_hal_uart.o(i.HAL_UART_DMAStop)
    HAL_UART_ErrorCallback                   0x08004abb   Thumb Code     2  stm32f7xx_hal_uart.o(i.HAL_UART_ErrorCallback)
    HAL_UART_IRQHandler                      0x08004abd   Thumb Code   448  stm32f7xx_hal_uart.o(i.HAL_UART_IRQHandler)
    HAL_UART_Init                            0x08004c81   Thumb Code   110  stm32f7xx_hal_uart.o(i.HAL_UART_Init)
    HAL_UART_MspInit                         0x08004cf1   Thumb Code   226  usart.o(i.HAL_UART_MspInit)
    HAL_UART_Receive_IT                      0x08004de5   Thumb Code   160  stm32f7xx_hal_uart.o(i.HAL_UART_Receive_IT)
    HAL_UART_RxCpltCallback                  0x08004e85   Thumb Code    70  usart.o(i.HAL_UART_RxCpltCallback)
    HAL_UART_Transmit                        0x08004ed9   Thumb Code   186  stm32f7xx_hal_uart.o(i.HAL_UART_Transmit)
    HAL_UART_Transmit_DMA                    0x08004f95   Thumb Code   130  stm32f7xx_hal_uart.o(i.HAL_UART_Transmit_DMA)
    HAL_UART_TxCpltCallback                  0x08005025   Thumb Code     2  stm32f7xx_hal_uart.o(i.HAL_UART_TxCpltCallback)
    HAL_UART_TxHalfCpltCallback              0x08005027   Thumb Code     2  stm32f7xx_hal_uart.o(i.HAL_UART_TxHalfCpltCallback)
    HardFault_Handler                        0x08005029   Thumb Code     8  stm32f7xx_it.o(i.HardFault_Handler)
    I2C_RadeByte                             0x0800504d   Thumb Code    90  myiic.o(i.I2C_RadeByte)
    IIC_Ack                                  0x080050ad   Thumb Code    76  myiic.o(i.IIC_Ack)
    IIC_Init                                 0x080050fd   Thumb Code    70  myiic.o(i.IIC_Init)
    IIC_NAck                                 0x0800514d   Thumb Code    76  myiic.o(i.IIC_NAck)
    IIC_Send_Byte                            0x0800519d   Thumb Code   114  myiic.o(i.IIC_Send_Byte)
    IIC_Start                                0x08005215   Thumb Code    76  myiic.o(i.IIC_Start)
    IIC_Stop                                 0x08005265   Thumb Code    76  myiic.o(i.IIC_Stop)
    LED_Init                                 0x080052b5   Thumb Code    68  led.o(i.LED_Init)
    MPU9250_Init                             0x08005301   Thumb Code    70  mpu9250.o(i.MPU9250_Init)
    MPU_Read                                 0x08005347   Thumb Code    64  myiic.o(i.MPU_Read)
    MPU_Write                                0x08005387   Thumb Code    62  myiic.o(i.MPU_Write)
    MYDMA_Config                             0x080053c5   Thumb Code   152  dma.o(i.MYDMA_Config)
    MemManage_Handler                        0x08005475   Thumb Code     2  stm32f7xx_it.o(i.MemManage_Handler)
    Message_Ack_handle                       0x08005479   Thumb Code   168  usart.o(i.Message_Ack_handle)
    NMI_Handler                              0x0800552d   Thumb Code     2  stm32f7xx_it.o(i.NMI_Handler)
    ProcessCheckResult                       0x08005531   Thumb Code    60  sendgps.o(i.ProcessCheckResult)
    ProcessCheckToA                          0x08005575   Thumb Code    46  sendgps.o(i.ProcessCheckToA)
    ProcessGPGGA                             0x080055b1   Thumb Code   772  getgps.o(i.ProcessGPGGA)
    ProcessGPRMC                             0x080058d9   Thumb Code   800  getgps.o(i.ProcessGPRMC)
    ProcessIITOA                             0x08005c19   Thumb Code   148  sendgps.o(i.ProcessIITOA)
    ProcessITOA                              0x08005cb5   Thumb Code    50  sendgps.o(i.ProcessITOA)
    ProcessLatToA                            0x08005cf1   Thumb Code   516  sendgps.o(i.ProcessLatToA)
    ProcessLongToA                           0x08005f19   Thumb Code   546  sendgps.o(i.ProcessLongToA)
    ProcessSFTOA                             0x08006161   Thumb Code  1498  sendgps.o(i.ProcessSFTOA)
    Receive_NMEA                             0x0800673d   Thumb Code   420  usart.o(i.Receive_NMEA)
    SDMMC_DataConfig                         0x080068ed   Thumb Code    36  stm32f7xx_ll_sdmmc.o(i.SDMMC_DataConfig)
    SDMMC_GetCommandResponse                 0x08006911   Thumb Code     6  stm32f7xx_ll_sdmmc.o(i.SDMMC_GetCommandResponse)
    SDMMC_GetPowerState                      0x08006917   Thumb Code     8  stm32f7xx_ll_sdmmc.o(i.SDMMC_GetPowerState)
    SDMMC_GetResponse                        0x0800691f   Thumb Code    14  stm32f7xx_ll_sdmmc.o(i.SDMMC_GetResponse)
    SDMMC_Init                               0x0800692d   Thumb Code    44  stm32f7xx_ll_sdmmc.o(i.SDMMC_Init)
    SDMMC_PowerState_ON                      0x08006959   Thumb Code     8  stm32f7xx_ll_sdmmc.o(i.SDMMC_PowerState_ON)
    SDMMC_ReadFIFO                           0x08006961   Thumb Code     6  stm32f7xx_ll_sdmmc.o(i.SDMMC_ReadFIFO)
    SDMMC_SendCommand                        0x08006967   Thumb Code    32  stm32f7xx_ll_sdmmc.o(i.SDMMC_SendCommand)
    SDMMC_WriteFIFO                          0x08006987   Thumb Code    10  stm32f7xx_ll_sdmmc.o(i.SDMMC_WriteFIFO)
    SD_Init                                  0x08006bd5   Thumb Code    56  sdmmc_sdcard.o(i.SD_Init)
    SD_ReadDisk                              0x08006da9   Thumb Code   130  sdmmc_sdcard.o(i.SD_ReadDisk)
    SD_WriteDisk                             0x08006e35   Thumb Code   130  sdmmc_sdcard.o(i.SD_WriteDisk)
    SendConfigMessage                        0x08006ec1   Thumb Code   564  getgps.o(i.SendConfigMessage)
    Set_System                               0x08007121   Thumb Code   132  main.o(i.Set_System)
    Stm32_Clock_Init                         0x080071b9   Thumb Code   152  sys.o(i.Stm32_Clock_Init)
    SysTick_Handler                          0x08007259   Thumb Code    22  delay.o(i.SysTick_Handler)
    SystemInit                               0x08007271   Thumb Code    64  system_stm32f7xx.o(i.SystemInit)
    TIM2_IRQHandler                          0x080072c9   Thumb Code     6  timer.o(i.TIM2_IRQHandler)
    TIM3_IRQHandler                          0x080072d5   Thumb Code     6  timer.o(i.TIM3_IRQHandler)
    TIM3_Init                                0x080072e1   Thumb Code    34  timer.o(i.TIM3_Init)
    TIM_Base_SetConfig                       0x0800730d   Thumb Code   176  stm32f7xx_hal_tim.o(i.TIM_Base_SetConfig)
    UART_AdvFeatureConfig                    0x080073d1   Thumb Code   218  stm32f7xx_hal_uart.o(i.UART_AdvFeatureConfig)
    UART_CheckIdleState                      0x080074ab   Thumb Code    96  stm32f7xx_hal_uart.o(i.UART_CheckIdleState)
    UART_SetConfig                           0x0800763d   Thumb Code   664  stm32f7xx_hal_uart.o(i.UART_SetConfig)
    UART_WaitOnFlagUntilTimeout              0x080078e5   Thumb Code   116  stm32f7xx_hal_uart.o(i.UART_WaitOnFlagUntilTimeout)
    USART1_IRQHandler                        0x08007959   Thumb Code    24  usart.o(i.USART1_IRQHandler)
    USART2_IRQHandler                        0x08007979   Thumb Code    24  usart.o(i.USART2_IRQHandler)
    UsageFault_Handler                       0x08007999   Thumb Code     2  stm32f7xx_it.o(i.UsageFault_Handler)
    __hardfp_atof                            0x080079a1   Thumb Code    44  atof.o(i.__hardfp_atof)
    __mathlib_dbl_overflow                   0x080079d9   Thumb Code    10  dunder.o(i.__mathlib_dbl_overflow)
    __mathlib_dbl_underflow                  0x080079f1   Thumb Code    10  dunder.o(i.__mathlib_dbl_underflow)
    __mathlib_narrow                         0x08007a09   Thumb Code   144  narrow.o(i.__mathlib_narrow)
    __support_ldexp                          0x08007ab1   Thumb Code   170  ldexp.o(i.__support_ldexp)
    _is_digit                                0x08007b69   Thumb Code    14  __printf_wp.o(i._is_digit)
    _sys_exit                                0x08007b77   Thumb Code     2  usart.o(i._sys_exit)
    delay_init                               0x08007ead   Thumb Code    50  delay.o(i.delay_init)
    delay_ms                                 0x08007ee5   Thumb Code    86  delay.o(i.delay_ms)
    delay_us                                 0x08007f41   Thumb Code    46  delay.o(i.delay_us)
    disk_initialize                          0x080089c5   Thumb Code    18  diskio.o(i.disk_initialize)
    disk_ioctl                               0x080089d9   Thumb Code    64  diskio.o(i.disk_ioctl)
    disk_read                                0x08008a1d   Thumb Code    56  diskio.o(i.disk_read)
    disk_status                              0x08008a55   Thumb Code     4  diskio.o(i.disk_status)
    disk_write                               0x08008a59   Thumb Code    56  diskio.o(i.disk_write)
    eTaskGetState                            0x08008a91   Thumb Code    88  tasks.o(i.eTaskGetState)
    exfuns_init                              0x08008b19   Thumb Code    96  exfuns.o(i.exfuns_init)
    f_close                                  0x08008b81   Thumb Code    32  ff.o(i.f_close)
    f_lseek                                  0x08008ba1   Thumb Code   780  ff.o(i.f_lseek)
    f_mkdir                                  0x08008ead   Thumb Code   498  ff.o(i.f_mkdir)
    f_mount                                  0x080090a1   Thumb Code    78  ff.o(i.f_mount)
    f_open                                   0x080090f5   Thumb Code   714  ff.o(i.f_open)
    f_opendir                                0x080093bf   Thumb Code   238  ff.o(i.f_opendir)
    f_printf                                 0x080094ad   Thumb Code   972  ff.o(i.f_printf)
    f_puts                                   0x08009879   Thumb Code   120  ff.o(i.f_puts)
    f_sync                                   0x080098f1   Thumb Code   442  ff.o(i.f_sync)
    f_write                                  0x08009aab   Thumb Code   588  ff.o(i.f_write)
    ff_convert                               0x08009cf9   Thumb Code    80  cc936.o(i.ff_convert)
    ff_memalloc                              0x08009d51   Thumb Code     8  diskio.o(i.ff_memalloc)
    ff_memfree                               0x08009d59   Thumb Code     8  diskio.o(i.ff_memfree)
    ff_wtoupper                              0x08009d61   Thumb Code   152  cc936.o(i.ff_wtoupper)
    fputc                                    0x0800a6ad   Thumb Code    16  usart.o(i.fputc)
    frexp                                    0x0800a6c1   Thumb Code   118  frexp.o(i.frexp)
    get_fattime                              0x0800a8af   Thumb Code     4  diskio.o(i.get_fattime)
    main                                     0x0800aa9d   Thumb Code    78  main.o(i.main)
    my_mem_init                              0x0800ab39   Thumb Code    52  malloc.o(i.my_mem_init)
    my_mem_malloc                            0x0800ab75   Thumb Code   134  malloc.o(i.my_mem_malloc)
    my_mem_perused                           0x0800ac09   Thumb Code    58  malloc.o(i.my_mem_perused)
    myfree                                   0x0800ac4d   Thumb Code    98  malloc.o(i.myfree)
    mymalloc                                 0x0800acbd   Thumb Code    30  malloc.o(i.mymalloc)
    pvPortMalloc                             0x0800b46d   Thumb Code   282  heap_4.o(i.pvPortMalloc)
    pvTaskIncrementMutexHeldCount            0x0800b5cd   Thumb Code    18  tasks.o(i.pvTaskIncrementMutexHeldCount)
    pxPortInitialiseStack                    0x0800b5e5   Thumb Code    38  port.o(i.pxPortInitialiseStack)
    sd_creatfile                             0x0800b779   Thumb Code   136  exfuns.o(i.sd_creatfile)
    sd_savegps                               0x0800b871   Thumb Code    52  exfuns.o(i.sd_savegps)
    sd_saveimu                               0x0800b8a9   Thumb Code    76  exfuns.o(i.sd_saveimu)
    start_task                               0x0800b9b1   Thumb Code    34  main.o(i.start_task)
    task1_init                               0x0800bb59   Thumb Code    50  task1.o(i.task1_init)
    task1_main                               0x0800bba5   Thumb Code   176  task1.o(i.task1_main)
    task1_send_massage                       0x0800bc5d   Thumb Code    34  task1.o(i.task1_send_massage)
    task2_init                               0x0800bc85   Thumb Code    50  task2.o(i.task2_init)
    task2_main                               0x0800bccd   Thumb Code   226  task2.o(i.task2_main)
    task2_send_massage                       0x0800be3d   Thumb Code    32  task2.o(i.task2_send_massage)
    uart_init                                0x0800be61   Thumb Code    80  usart.o(i.uart_init)
    uxListRemove                             0x0800bec9   Thumb Code    36  list.o(i.uxListRemove)
    vListInitialise                          0x0800beed   Thumb Code    22  list.o(i.vListInitialise)
    vListInitialiseItem                      0x0800bf03   Thumb Code     6  list.o(i.vListInitialiseItem)
    vListInsert                              0x0800bf09   Thumb Code    58  list.o(i.vListInsert)
    vListInsertEnd                           0x0800bf43   Thumb Code    24  list.o(i.vListInsertEnd)
    vPortEnterCritical                       0x0800bf5d   Thumb Code    56  port.o(i.vPortEnterCritical)
    vPortExitCritical                        0x0800bfdd   Thumb Code    38  port.o(i.vPortExitCritical)
    vPortFree                                0x0800c049   Thumb Code   100  heap_4.o(i.vPortFree)
    vPortValidateInterruptPriority           0x0800c0e9   Thumb Code    70  port.o(i.vPortValidateInterruptPriority)
    vQueueAddToRegistry                      0x0800c179   Thumb Code    34  queue.o(i.vQueueAddToRegistry)
    vQueueWaitForMessageRestricted           0x0800c1a1   Thumb Code    74  queue.o(i.vQueueWaitForMessageRestricted)
    vTaskDelay                               0x0800c1ed   Thumb Code    66  tasks.o(i.vTaskDelay)
    vTaskDelete                              0x0800c25d   Thumb Code   190  tasks.o(i.vTaskDelete)
    vTaskMissedYield                         0x0800c351   Thumb Code     8  tasks.o(i.vTaskMissedYield)
    vTaskPlaceOnEventList                    0x0800c35d   Thumb Code    46  tasks.o(i.vTaskPlaceOnEventList)
    vTaskPlaceOnEventListRestricted          0x0800c3b5   Thumb Code    56  tasks.o(i.vTaskPlaceOnEventListRestricted)
    vTaskPriorityInherit                     0x0800c415   Thumb Code   132  tasks.o(i.vTaskPriorityInherit)
    vTaskSetTimeOutState                     0x0800c4a1   Thumb Code    32  tasks.o(i.vTaskSetTimeOutState)
    vTaskStartScheduler                      0x0800c4c9   Thumb Code   106  tasks.o(i.vTaskStartScheduler)
    vTaskSuspendAll                          0x0800c56d   Thumb Code    10  tasks.o(i.vTaskSuspendAll)
    vTaskSwitchContext                       0x0800c57d   Thumb Code    84  tasks.o(i.vTaskSwitchContext)
    xPortStartScheduler                      0x0800c615   Thumb Code   182  port.o(i.xPortStartScheduler)
    xPortSysTickHandler                      0x0800c721   Thumb Code    42  port.o(i.xPortSysTickHandler)
    xQueueGenericCreate                      0x0800c751   Thumb Code    88  queue.o(i.xQueueGenericCreate)
    xQueueGenericReceive                     0x0800c7ad   Thumb Code   412  queue.o(i.xQueueGenericReceive)
    xQueueGenericReset                       0x0800c971   Thumb Code   126  queue.o(i.xQueueGenericReset)
    xQueueGenericSend                        0x0800ca19   Thumb Code   360  queue.o(i.xQueueGenericSend)
    xQueueGenericSendFromISR                 0x0800cba9   Thumb Code   198  queue.o(i.xQueueGenericSendFromISR)
    xQueueReceiveFromISR                     0x0800cc95   Thumb Code   170  queue.o(i.xQueueReceiveFromISR)
    xTaskCheckForTimeOut                     0x0800cd45   Thumb Code   118  tasks.o(i.xTaskCheckForTimeOut)
    xTaskCreate                              0x0800cde9   Thumb Code   358  tasks.o(i.xTaskCreate)
    xTaskGetSchedulerState                   0x0800cf71   Thumb Code    24  tasks.o(i.xTaskGetSchedulerState)
    xTaskGetTickCount                        0x0800cf8d   Thumb Code     6  tasks.o(i.xTaskGetTickCount)
    xTaskIncrementTick                       0x0800cf99   Thumb Code   222  tasks.o(i.xTaskIncrementTick)
    xTaskPriorityDisinherit                  0x0800d0a5   Thumb Code   138  tasks.o(i.xTaskPriorityDisinherit)
    xTaskRemoveFromEventList                 0x0800d15d   Thumb Code   100  tasks.o(i.xTaskRemoveFromEventList)
    xTaskResumeAll                           0x0800d1f1   Thumb Code   210  tasks.o(i.xTaskResumeAll)
    xTimerCreateTimerTask                    0x0800d2f9   Thumb Code   110  timers.o(i.xTimerCreateTimerTask)
    xTimerGenericCommand                     0x0800d3b5   Thumb Code   110  timers.o(i.xTimerGenericCommand)
    _get_lc_numeric                          0x0800d451   Thumb Code    44  lc_numeric_c.o(locale$$code)
    _get_lc_ctype                            0x0800d47d   Thumb Code    44  lc_ctype_c.o(locale$$code)
    __fpl_dcheck_NaN1                        0x0800d4a9   Thumb Code    10  dcheck1.o(x$fpl$dcheck1)
    __fpl_dnaninf                            0x0800d4b9   Thumb Code   156  dnaninf.o(x$fpl$dnaninf)
    _fp_init                                 0x0800d555   Thumb Code    10  fpinit.o(x$fpl$fpinit)
    __fplib_config_fpu_vfp                   0x0800d55d   Thumb Code     0  fpinit.o(x$fpl$fpinit)
    __fplib_config_pureend_doubles           0x0800d55d   Thumb Code     0  fpinit.o(x$fpl$fpinit)
    __aeabi_d2ulz                            0x0800d561   Thumb Code     0  dfixull.o(x$fpl$llufromd)
    _ll_ufrom_d                              0x0800d561   Thumb Code   120  dfixull.o(x$fpl$llufromd)
    __fpl_return_NaN                         0x0800d5d9   Thumb Code   100  retnan.o(x$fpl$retnan)
    __ARM_scalbn                             0x0800d63d   Thumb Code    92  scalbn.o(x$fpl$scalbn)
    _scanf_real                              0x0800d699   Thumb Code     4  scanf1.o(x$fpl$scanf1)
    _scanf_hex_real                          0x0800d69d   Thumb Code     4  scanf2.o(x$fpl$scanf2)
    _scanf_infnan                            0x0800d6a1   Thumb Code     4  scanf2.o(x$fpl$scanf2)
    __fpl_cmpreturn                          0x0800d6a5   Thumb Code    48  trapv.o(x$fpl$trapveneer)
    AHBPrescTable                            0x0800d6d4   Data          16  system_stm32f7xx.o(.constdata)
    __I$use$fp                               0x0800d6d4   Number         0  usenofp.o(x$fpl$usenofp)
    APBPrescTable                            0x0800d6e4   Data           8  system_stm32f7xx.o(.constdata)
    memtblsize                               0x0800d6f4   Data          12  malloc.o(.constdata)
    memblksize                               0x0800d700   Data          12  malloc.o(.constdata)
    memsize                                  0x0800d70c   Data          12  malloc.o(.constdata)
    Region$$Table$$Base                      0x080383ac   Number         0  anon$$obj.o(Region$$Table)
    Region$$Table$$Limit                     0x080383cc   Number         0  anon$$obj.o(Region$$Table)
    __aeabi_HUGE_VAL                         0x080383cc   Data           0  fpconst.o(c$$dinf)
    __aeabi_HUGE_VALL                        0x080383cc   Data           0  fpconst.o(c$$dinf)
    __aeabi_INFINITY                         0x080383cc   Data           0  fpconst.o(c$$dinf)
    __dInf                                   0x080383cc   Data           0  fpconst.o(c$$dinf)
    __huge_val                               0x080383cc   Data           0  fpconst.o(c$$dinf)
    __ctype                                  0x080383fd   Data           0  lc_ctype_c.o(locale$$data)
    mem3base                                 0x20000000   Data       61440  malloc.o(.ARM.__AT_0x20000000)
    mem3mapbase                              0x2000f000   Data        3840  malloc.o(.ARM.__AT_0x2000F000)
    StartTask_Handler                        0x20020000   Data           4  main.o(.data)
    Gps_Init                                 0x20020004   Data           8  main.o(.data)
    GpsCon_Data                              0x2002000c   Data           8  main.o(.data)
    SystemCoreClock                          0x20020014   Data           4  system_stm32f7xx.o(.data)
    imu_get_count                            0x20020018   Data           1  task1.o(.data)
    imu_avr_count                            0x20020019   Data           1  task1.o(.data)
    Task1_Handler                            0x2002001c   Data           4  task1.o(.data)
    Task1_Queue                              0x20020020   Data           4  task1.o(.data)
    imu_get_buf                              0x20020024   Data           4  task1.o(.data)
    imu_avr_buf                              0x20020028   Data           4  task1.o(.data)
    imu_massage                              0x2002002c   Data           8  task1.o(.data)
    Task2_Handler                            0x20020034   Data           4  task2.o(.data)
    Task2_Queue                              0x20020038   Data           4  task2.o(.data)
    Gps_Sendbuff                             0x2002003c   Data           4  task2.o(.data)
    imu_massage2                             0x20020040   Data           4  task2.o(.data)
    GpsTask_Handler                          0x20020044   Data           4  gpstask.o(.data)
    GpsTask_Queue                            0x20020048   Data           4  gpstask.o(.data)
    Gps_data                                 0x2002004c   Data           4  gpstask.o(.data)
    GGB_Data                                 0x200200b8   Data           8  sendgps.o(.data)
    usart2_count                             0x200200c8   Data           1  usart.o(.data)
    getBuffer1                               0x200200c9   Data           1  usart.o(.data)
    getBuffer2                               0x200200ca   Data           1  usart.o(.data)
    Message_Rx_Counter                       0x200200cb   Data           1  usart.o(.data)
    Message_Rx_Max                           0x200200cc   Data           1  usart.o(.data)
    gga_trans_flag                           0x200200cd   Data           1  usart.o(.data)
    rmc_trans_flag                           0x200200ce   Data           1  usart.o(.data)
    gst_trans_flag                           0x200200cf   Data           1  usart.o(.data)
    gga_finish_flag                          0x200200d0   Data           1  usart.o(.data)
    rmc_finish_flag                          0x200200d1   Data           1  usart.o(.data)
    gst_finish_flag                          0x200200d2   Data           1  usart.o(.data)
    nmea_count                               0x200200d3   Data           1  usart.o(.data)
    __stdout                                 0x200200d4   Data           4  usart.o(.data)
    uwTick                                   0x200200d8   Data           4  stm32f7xx_hal.o(.data)
    count                                    0x200200dc   Data           1  exti.o(.data)
    pxCurrentTCB                             0x200200e0   Data           4  tasks.o(.data)
    mallco_dev                               0x20020154   Data          36  malloc.o(.data)
    file                                     0x2002017c   Data           4  exfuns.o(.data)
    ftemp                                    0x20020180   Data           4  exfuns.o(.data)
    fatbuf                                   0x20020184   Data           4  exfuns.o(.data)
    Gps_raw                                  0x20020188   Data        1232  main.o(.bss)
    GpsGet_Data                              0x20020658   Data          10  main.o(.bss)
    GINavResult                              0x20020668   Data          96  main.o(.bss)
    GGA_Data                                 0x200206e6   Data          30  sendgps.o(.bss)
    GGS_Data                                 0x20020704   Data          15  sendgps.o(.bss)
    RMC_TX_DATA                              0x20020713   Data         200  sendgps.o(.bss)
    GGA_TX_DATA                              0x200207db   Data         200  sendgps.o(.bss)
    UART1_Handler                            0x200208a4   Data         112  usart.o(.bss)
    UART2_Handler                            0x20020914   Data         112  usart.o(.bss)
    Message_Rx_Data                          0x20020984   Data          12  usart.o(.bss)
    usart2_buf                               0x20020990   Data         100  usart.o(.bss)
    TIM2_Handler                             0x200209f4   Data          60  timer.o(.bss)
    TIM3_Handler                             0x20020a30   Data          60  timer.o(.bss)
    UART1TxDMA_Handler                       0x20020a6c   Data          96  dma.o(.bss)
    UART2TxDMA_Handler                       0x20020acc   Data          96  dma.o(.bss)
    SDCARD_Handler                           0x20020b30   Data          96  sdmmc_sdcard.o(.bss)
    SDCardInfo                               0x20020b90   Data          88  sdmmc_sdcard.o(.bss)
    SDIO_DATA_BUFFER                         0x20020be8   Data         512  sdmmc_sdcard.o(.bss)
    xQueueRegistry                           0x20020de8   Data          64  queue.o(.bss)
    g_GINavInfo                              0x20041138   Data        1240  globalvars.o(.bss)
    mem1base                                 0x20041620   Data       163840  malloc.o(.bss)
    mem1mapbase                              0x20069620   Data       10240  malloc.o(.bss)
    fs                                       0x2006be2c   Data          12  exfuns.o(.bss)
    __libspace_start                         0x2006be38   Data          96  libspace.o(.bss)
    __temporary_stack_top$libspace           0x2006be98   Data           0  libspace.o(.bss)
    mem2base                                 0xc01f4000   Data       29605888  malloc.o(.ARM.__AT_0xC01F4000)
    mem2mapbase                              0xc1e30000   Data       1850368  malloc.o(.ARM.__AT_0xC1E30000)



==============================================================================

Memory Map of the image

  Image Entry point : 0x080001f9

  Load Region LR_IROM1 (Base: 0x08000000, Size: 0x00038688, Max: 0x00100000, ABSOLUTE, COMPRESSED[0x00038530])

    Execution Region ER_IROM1 (Base: 0x08000000, Size: 0x00038500, Max: 0x00100000, ABSOLUTE)

    Base Addr    Size         Type   Attr      Idx    E Section Name        Object

    0x08000000   0x000001f8   Data   RO         1176    RESET               startup_stm32f767xx.o
    0x080001f8   0x00000008   Code   RO         6392  * !!!main             c_w.l(__main.o)
    0x08000200   0x00000034   Code   RO         6883    !!!scatter          c_w.l(__scatter.o)
    0x08000234   0x0000003a   Code   RO         6881    !!dczerorl          c_w.l(__dczerorl.o)
    0x0800026e   0x00000002   PAD
    0x08000270   0x0000001c   Code   RO         6885    !!handler_zi        c_w.l(__scatter_zi.o)
    0x0800028c   0x00000000   Code   RO         6368    .ARM.Collect$$_printf_percent$$00000000  c_w.l(_printf_percent.o)
    0x0800028c   0x00000006   Code   RO         6366    .ARM.Collect$$_printf_percent$$00000009  c_w.l(_printf_d.o)
    0x08000292   0x00000006   Code   RO         6364    .ARM.Collect$$_printf_percent$$00000014  c_w.l(_printf_s.o)
    0x08000298   0x00000004   Code   RO         6547    .ARM.Collect$$_printf_percent$$00000017  c_w.l(_printf_percent_end.o)
    0x0800029c   0x00000002   Code   RO         6742    .ARM.Collect$$libinit$$00000000  c_w.l(libinit.o)
    0x0800029e   0x00000004   Code   RO         6557    .ARM.Collect$$libinit$$00000001  c_w.l(libinit2.o)
    0x080002a2   0x00000000   Code   RO         6560    .ARM.Collect$$libinit$$00000004  c_w.l(libinit2.o)
    0x080002a2   0x00000000   Code   RO         6563    .ARM.Collect$$libinit$$0000000A  c_w.l(libinit2.o)
    0x080002a2   0x00000000   Code   RO         6565    .ARM.Collect$$libinit$$0000000C  c_w.l(libinit2.o)
    0x080002a2   0x00000000   Code   RO         6567    .ARM.Collect$$libinit$$0000000E  c_w.l(libinit2.o)
    0x080002a2   0x00000006   Code   RO         6568    .ARM.Collect$$libinit$$0000000F  c_w.l(libinit2.o)
    0x080002a8   0x00000000   Code   RO         6570    .ARM.Collect$$libinit$$00000011  c_w.l(libinit2.o)
    0x080002a8   0x0000000c   Code   RO         6571    .ARM.Collect$$libinit$$00000012  c_w.l(libinit2.o)
    0x080002b4   0x00000000   Code   RO         6572    .ARM.Collect$$libinit$$00000013  c_w.l(libinit2.o)
    0x080002b4   0x00000000   Code   RO         6574    .ARM.Collect$$libinit$$00000015  c_w.l(libinit2.o)
    0x080002b4   0x0000000a   Code   RO         6575    .ARM.Collect$$libinit$$00000016  c_w.l(libinit2.o)
    0x080002be   0x00000000   Code   RO         6576    .ARM.Collect$$libinit$$00000017  c_w.l(libinit2.o)
    0x080002be   0x00000000   Code   RO         6578    .ARM.Collect$$libinit$$00000019  c_w.l(libinit2.o)
    0x080002be   0x00000000   Code   RO         6580    .ARM.Collect$$libinit$$0000001B  c_w.l(libinit2.o)
    0x080002be   0x00000000   Code   RO         6582    .ARM.Collect$$libinit$$0000001D  c_w.l(libinit2.o)
    0x080002be   0x00000000   Code   RO         6584    .ARM.Collect$$libinit$$0000001F  c_w.l(libinit2.o)
    0x080002be   0x00000000   Code   RO         6586    .ARM.Collect$$libinit$$00000021  c_w.l(libinit2.o)
    0x080002be   0x00000000   Code   RO         6588    .ARM.Collect$$libinit$$00000023  c_w.l(libinit2.o)
    0x080002be   0x00000000   Code   RO         6590    .ARM.Collect$$libinit$$00000025  c_w.l(libinit2.o)
    0x080002be   0x00000000   Code   RO         6594    .ARM.Collect$$libinit$$0000002C  c_w.l(libinit2.o)
    0x080002be   0x00000000   Code   RO         6596    .ARM.Collect$$libinit$$0000002E  c_w.l(libinit2.o)
    0x080002be   0x00000000   Code   RO         6598    .ARM.Collect$$libinit$$00000030  c_w.l(libinit2.o)
    0x080002be   0x00000000   Code   RO         6600    .ARM.Collect$$libinit$$00000032  c_w.l(libinit2.o)
    0x080002be   0x00000002   Code   RO         6601    .ARM.Collect$$libinit$$00000033  c_w.l(libinit2.o)
    0x080002c0   0x00000002   Code   RO         6854    .ARM.Collect$$libshutdown$$00000000  c_w.l(libshutdown.o)
    0x080002c2   0x00000000   Code   RO         6781    .ARM.Collect$$libshutdown$$00000002  c_w.l(libshutdown2.o)
    0x080002c2   0x00000000   Code   RO         6783    .ARM.Collect$$libshutdown$$00000004  c_w.l(libshutdown2.o)
    0x080002c2   0x00000000   Code   RO         6786    .ARM.Collect$$libshutdown$$00000007  c_w.l(libshutdown2.o)
    0x080002c2   0x00000000   Code   RO         6789    .ARM.Collect$$libshutdown$$0000000A  c_w.l(libshutdown2.o)
    0x080002c2   0x00000000   Code   RO         6791    .ARM.Collect$$libshutdown$$0000000C  c_w.l(libshutdown2.o)
    0x080002c2   0x00000000   Code   RO         6794    .ARM.Collect$$libshutdown$$0000000F  c_w.l(libshutdown2.o)
    0x080002c2   0x00000002   Code   RO         6795    .ARM.Collect$$libshutdown$$00000010  c_w.l(libshutdown2.o)
    0x080002c4   0x00000000   Code   RO         6498    .ARM.Collect$$rtentry$$00000000  c_w.l(__rtentry.o)
    0x080002c4   0x00000000   Code   RO         6650    .ARM.Collect$$rtentry$$00000002  c_w.l(__rtentry2.o)
    0x080002c4   0x00000006   Code   RO         6662    .ARM.Collect$$rtentry$$00000004  c_w.l(__rtentry4.o)
    0x080002ca   0x00000000   Code   RO         6652    .ARM.Collect$$rtentry$$00000009  c_w.l(__rtentry2.o)
    0x080002ca   0x00000004   Code   RO         6653    .ARM.Collect$$rtentry$$0000000A  c_w.l(__rtentry2.o)
    0x080002ce   0x00000000   Code   RO         6655    .ARM.Collect$$rtentry$$0000000C  c_w.l(__rtentry2.o)
    0x080002ce   0x00000008   Code   RO         6656    .ARM.Collect$$rtentry$$0000000D  c_w.l(__rtentry2.o)
    0x080002d6   0x00000002   Code   RO         6743    .ARM.Collect$$rtexit$$00000000  c_w.l(rtexit.o)
    0x080002d8   0x00000000   Code   RO         6818    .ARM.Collect$$rtexit$$00000002  c_w.l(rtexit2.o)
    0x080002d8   0x00000004   Code   RO         6819    .ARM.Collect$$rtexit$$00000003  c_w.l(rtexit2.o)
    0x080002dc   0x00000006   Code   RO         6820    .ARM.Collect$$rtexit$$00000004  c_w.l(rtexit2.o)
    0x080002e2   0x00000002   PAD
    0x080002e4   0x00000010   Code   RO         1027    .emb_text           sys.o
    0x080002f4   0x000000ba   Code   RO         4857    .emb_text           port.o
    0x080003ae   0x00000002   PAD
    0x080003b0   0x00000040   Code   RO         1177    .text               startup_stm32f767xx.o
    0x080003f0   0x00000002   Code   RO         6240    .text               c_w.l(use_no_semi_2.o)
    0x080003f2   0x000000ee   Code   RO         6304    .text               c_w.l(lludivv7m.o)
    0x080004e0   0x00000018   Code   RO         6310    .text               c_w.l(noretval__2printf.o)
    0x080004f8   0x00000052   Code   RO         6316    .text               c_w.l(_printf_str.o)
    0x0800054a   0x00000002   PAD
    0x0800054c   0x00000078   Code   RO         6318    .text               c_w.l(_printf_dec.o)
    0x080005c4   0x000000b8   Code   RO         6346    .text               c_w.l(__printf_ss.o)
    0x0800067c   0x0000001a   Code   RO         6370    .text               c_w.l(atoi.o)
    0x08000696   0x00000008   Code   RO         6372    .text               c_w.l(abs.o)
    0x0800069e   0x0000008a   Code   RO         6380    .text               c_w.l(rt_memcpy_v6.o)
    0x08000728   0x00000064   Code   RO         6382    .text               c_w.l(rt_memcpy_w.o)
    0x0800078c   0x00000010   Code   RO         6384    .text               c_w.l(aeabi_memset.o)
    0x0800079c   0x0000004e   Code   RO         6386    .text               c_w.l(rt_memclr_w.o)
    0x080007ea   0x00000002   PAD
    0x080007ec   0x00000068   Code   RO         6388    .text               c_w.l(strcmpv7m_pel.o)
    0x08000854   0x00000006   Code   RO         6390    .text               c_w.l(heapauxi.o)
    0x0800085a   0x00000002   Code   RO         6494    .text               c_w.l(use_no_semi.o)
    0x0800085c   0x00000008   Code   RO         6511    .text               c_w.l(rt_errno_addr_intlibspace.o)
    0x08000864   0x00000016   Code   RO         6535    .text               c_w.l(_rserrno.o)
    0x0800087a   0x000000b2   Code   RO         6537    .text               c_w.l(_printf_intcommon.o)
    0x0800092c   0x00000030   Code   RO         6539    .text               c_w.l(_printf_char_common.o)
    0x0800095c   0x0000002c   Code   RO         6543    .text               c_w.l(_printf_char.o)
    0x08000988   0x00000024   Code   RO         6545    .text               c_w.l(_printf_char_file.o)
    0x080009ac   0x000000a4   Code   RO         6549    .text               c_w.l(strtod.o)
    0x08000a50   0x00000070   Code   RO         6551    .text               c_w.l(strtol.o)
    0x08000ac0   0x00000044   Code   RO         6553    .text               c_w.l(rt_memclr.o)
    0x08000b04   0x00000008   Code   RO         6646    .text               c_w.l(libspace.o)
    0x08000b0c   0x00000010   Code   RO         6664    .text               c_w.l(rt_ctype_table.o)
    0x08000b1c   0x00000012   Code   RO         6676    .text               c_w.l(isspace.o)
    0x08000b2e   0x00000040   Code   RO         6680    .text               c_w.l(_sgetc.o)
    0x08000b6e   0x0000009e   Code   RO         6682    .text               c_w.l(_strtoul.o)
    0x08000c0c   0x00000008   Code   RO         6684    .text               c_w.l(ferror.o)
    0x08000c14   0x0000004a   Code   RO         6705    .text               c_w.l(sys_stackheap_outer.o)
    0x08000c5e   0x00000002   PAD
    0x08000c60   0x00000008   Code   RO         6712    .text               c_w.l(rt_locale_intlibspace.o)
    0x08000c68   0x0000001c   Code   RO         6716    .text               c_w.l(_chval.o)
    0x08000c84   0x000004a4   Code   RO         6718    .text               c_w.l(scanf_fp.o)
    0x08001128   0x00000012   Code   RO         6723    .text               c_w.l(exit.o)
    0x0800113a   0x00000002   PAD
    0x0800113c   0x000000dc   Code   RO         6749    .text               c_w.l(bigflt0.o)
    0x08001218   0x00000320   Code   RO         6824    .text               c_w.l(scanf_hexfp.o)
    0x08001538   0x00000134   Code   RO         6826    .text               c_w.l(scanf_infnan.o)
    0x0800166c   0x00000026   Code   RO         6836    .text               c_w.l(llshl.o)
    0x08001692   0x00000338   Code   RO         6762    CL$$btod_div_common  c_w.l(btod.o)
    0x080019ca   0x00000002   PAD
    0x080019cc   0x00000054   Code   RO         6760    CL$$btod_e2d        c_w.l(btod.o)
    0x08001a20   0x000000c6   Code   RO         6759    CL$$btod_e2e        c_w.l(btod.o)
    0x08001ae6   0x00000028   Code   RO         6756    CL$$btod_ediv       c_w.l(btod.o)
    0x08001b0e   0x00000028   Code   RO         6758    CL$$btod_edivd      c_w.l(btod.o)
    0x08001b36   0x00000028   Code   RO         6755    CL$$btod_emul       c_w.l(btod.o)
    0x08001b5e   0x00000028   Code   RO         6757    CL$$btod_emuld      c_w.l(btod.o)
    0x08001b86   0x00000244   Code   RO         6761    CL$$btod_mult_common  c_w.l(btod.o)
    0x08001dca   0x00000002   Code   RO          396    i.BusFault_Handler  stm32f7xx_it.o
    0x08001dcc   0x00000088   Code   RO         1028    i.Cache_Enable      sys.o
    0x08001e54   0x00000030   Code   RO          756    i.DataJudge         getgps.o
    0x08001e84   0x00000002   Code   RO          397    i.DebugMon_Handler  stm32f7xx_it.o
    0x08001e86   0x00000008   Code   RO         3895    i.EXTI15_10_IRQHandler  exti.o
    0x08001e8e   0x00000002   PAD
    0x08001e90   0x00000050   Code   RO         3896    i.EXTI_Init         exti.o
    0x08001ee0   0x0000001c   Code   RO          757    i.Flag_Clear        getgps.o
    0x08001efc   0x00000034   Code   RO          758    i.GPS_Rate_Config   getgps.o
    0x08001f30   0x00000082   Code   RO          759    i.GetField          getgps.o
    0x08001fb2   0x00000006   PAD
    0x08001fb8   0x000004bc   Code   RO          830    i.GetGPRMC          sendgps.o
    0x08002474   0x00000004   PAD
    0x08002478   0x000004bc   Code   RO          831    i.GetLGPGGA         sendgps.o
    0x08002934   0x000000bc   Code   RO         3859    i.Get_IMU           mpu9250.o
    0x080029f0   0x00000268   Code   RO          760    i.GpsConfig         getgps.o
    0x08002c58   0x00000048   Code   RO          717    i.GpsTask_init      gpstask.o
    0x08002ca0   0x00000084   Code   RO          718    i.GpsTask_main      gpstask.o
    0x08002d24   0x00000028   Code   RO          719    i.GpsTask_send_massage  gpstask.o
    0x08002d4c   0x000000a6   Code   RO         2380    i.HAL_DMA_Abort     stm32f7xx_hal_dma.o
    0x08002df2   0x00000024   Code   RO         2381    i.HAL_DMA_Abort_IT  stm32f7xx_hal_dma.o
    0x08002e16   0x00000002   PAD
    0x08002e18   0x00000084   Code   RO         2382    i.HAL_DMA_DeInit    stm32f7xx_hal_dma.o
    0x08002e9c   0x0000015c   Code   RO         2386    i.HAL_DMA_Init      stm32f7xx_hal_dma.o
    0x08002ff8   0x000000aa   Code   RO         2390    i.HAL_DMA_Start_IT  stm32f7xx_hal_dma.o
    0x080030a2   0x00000016   Code   RO         1191    i.HAL_Delay         stm32f7xx_hal.o
    0x080030b8   0x00000018   Code   RO         3897    i.HAL_GPIO_EXTI_Callback  exti.o
    0x080030d0   0x00000018   Code   RO         1475    i.HAL_GPIO_EXTI_IRQHandler  stm32f7xx_hal_gpio.o
    0x080030e8   0x00000230   Code   RO         1476    i.HAL_GPIO_Init     stm32f7xx_hal_gpio.o
    0x08003318   0x0000000a   Code   RO         1478    i.HAL_GPIO_ReadPin  stm32f7xx_hal_gpio.o
    0x08003322   0x0000000a   Code   RO         1480    i.HAL_GPIO_WritePin  stm32f7xx_hal_gpio.o
    0x0800332c   0x0000000c   Code   RO         1201    i.HAL_GetTick       stm32f7xx_hal.o
    0x08003338   0x00000010   Code   RO         1202    i.HAL_IncTick       stm32f7xx_hal.o
    0x08003348   0x00000024   Code   RO         1203    i.HAL_Init          stm32f7xx_hal.o
    0x0800336c   0x00000028   Code   RO         1204    i.HAL_InitTick      stm32f7xx_hal.o
    0x08003394   0x00000002   Code   RO         1206    i.HAL_MspInit       stm32f7xx_hal.o
    0x08003396   0x00000018   Code   RO         1358    i.HAL_NVIC_EnableIRQ  stm32f7xx_hal_cortex.o
    0x080033ae   0x00000002   PAD
    0x080033b0   0x00000064   Code   RO         1364    i.HAL_NVIC_SetPriority  stm32f7xx_hal_cortex.o
    0x08003414   0x00000024   Code   RO         1365    i.HAL_NVIC_SetPriorityGrouping  stm32f7xx_hal_cortex.o
    0x08003438   0x0000007c   Code   RO         1669    i.HAL_PWREx_EnableOverDrive  stm32f7xx_hal_pwr_ex.o
    0x080034b4   0x00000184   Code   RO         1756    i.HAL_RCC_ClockConfig  stm32f7xx_hal_rcc.o
    0x08003638   0x00000030   Code   RO         1763    i.HAL_RCC_GetPCLK1Freq  stm32f7xx_hal_rcc.o
    0x08003668   0x00000030   Code   RO         1764    i.HAL_RCC_GetPCLK2Freq  stm32f7xx_hal_rcc.o
    0x08003698   0x00000098   Code   RO         1765    i.HAL_RCC_GetSysClockFreq  stm32f7xx_hal_rcc.o
    0x08003730   0x000003c4   Code   RO         1859    i.HAL_RCC_OscConfig  stm32f7xx_hal_rcc_ex.o
    0x08003af4   0x000002c2   Code   RO         3390    i.HAL_SD_Get_CardInfo  stm32f7xx_hal_sd.o
    0x08003db6   0x00000412   Code   RO         3393    i.HAL_SD_Init       stm32f7xx_hal_sd.o
    0x080041c8   0x0000008c   Code   RO         3964    i.HAL_SD_MspInit    sdmmc_sdcard.o
    0x08004254   0x000001b4   Code   RO         3396    i.HAL_SD_ReadBlocks  stm32f7xx_hal_sd.o
    0x08004408   0x0000002c   Code   RO         3399    i.HAL_SD_StopTransfer  stm32f7xx_hal_sd.o
    0x08004434   0x0000013a   Code   RO         3400    i.HAL_SD_WideBusOperation_Config  stm32f7xx_hal_sd.o
    0x0800456e   0x0000020e   Code   RO         3401    i.HAL_SD_WriteBlocks  stm32f7xx_hal_sd.o
    0x0800477c   0x00000016   Code   RO         1367    i.HAL_SYSTICK_CLKSourceConfig  stm32f7xx_hal_cortex.o
    0x08004792   0x00000002   PAD
    0x08004794   0x0000002c   Code   RO         1369    i.HAL_SYSTICK_Config  stm32f7xx_hal_cortex.o
    0x080047c0   0x00000002   Code   RO         3111    i.HAL_TIMEx_BreakCallback  stm32f7xx_hal_tim_ex.o
    0x080047c2   0x00000002   Code   RO         3112    i.HAL_TIMEx_CommutationCallback  stm32f7xx_hal_tim_ex.o
    0x080047c4   0x00000032   Code   RO         2509    i.HAL_TIM_Base_Init  stm32f7xx_hal_tim.o
    0x080047f6   0x00000002   PAD
    0x080047f8   0x00000064   Code   RO         3702    i.HAL_TIM_Base_MspInit  timer.o
    0x0800485c   0x00000018   Code   RO         2514    i.HAL_TIM_Base_Start_IT  stm32f7xx_hal_tim.o
    0x08004874   0x00000002   Code   RO         2538    i.HAL_TIM_IC_CaptureCallback  stm32f7xx_hal_tim.o
    0x08004876   0x00000186   Code   RO         2551    i.HAL_TIM_IRQHandler  stm32f7xx_hal_tim.o
    0x080049fc   0x00000002   Code   RO         2554    i.HAL_TIM_OC_DelayElapsedCallback  stm32f7xx_hal_tim.o
    0x080049fe   0x00000002   Code   RO         2581    i.HAL_TIM_PWM_PulseFinishedCallback  stm32f7xx_hal_tim.o
    0x08004a00   0x00000040   Code   RO         3703    i.HAL_TIM_PeriodElapsedCallback  timer.o
    0x08004a40   0x00000002   Code   RO         2592    i.HAL_TIM_TriggerCallback  stm32f7xx_hal_tim.o
    0x08004a42   0x00000078   Code   RO         1911    i.HAL_UART_DMAStop  stm32f7xx_hal_uart.o
    0x08004aba   0x00000002   Code   RO         1913    i.HAL_UART_ErrorCallback  stm32f7xx_hal_uart.o
    0x08004abc   0x000001c4   Code   RO         1916    i.HAL_UART_IRQHandler  stm32f7xx_hal_uart.o
    0x08004c80   0x0000006e   Code   RO         1917    i.HAL_UART_Init     stm32f7xx_hal_uart.o
    0x08004cee   0x00000002   PAD
    0x08004cf0   0x000000f4   Code   RO         1077    i.HAL_UART_MspInit  usart.o
    0x08004de4   0x000000a0   Code   RO         1922    i.HAL_UART_Receive_IT  stm32f7xx_hal_uart.o
    0x08004e84   0x00000054   Code   RO         1078    i.HAL_UART_RxCpltCallback  usart.o
    0x08004ed8   0x000000ba   Code   RO         1925    i.HAL_UART_Transmit  stm32f7xx_hal_uart.o
    0x08004f92   0x00000002   PAD
    0x08004f94   0x00000090   Code   RO         1926    i.HAL_UART_Transmit_DMA  stm32f7xx_hal_uart.o
    0x08005024   0x00000002   Code   RO         1928    i.HAL_UART_TxCpltCallback  stm32f7xx_hal_uart.o
    0x08005026   0x00000002   Code   RO         1929    i.HAL_UART_TxHalfCpltCallback  stm32f7xx_hal_uart.o
    0x08005028   0x00000024   Code   RO          398    i.HardFault_Handler  stm32f7xx_it.o
    0x0800504c   0x00000060   Code   RO         3765    i.I2C_RadeByte      myiic.o
    0x080050ac   0x00000050   Code   RO         3766    i.IIC_Ack           myiic.o
    0x080050fc   0x00000050   Code   RO         3767    i.IIC_Init          myiic.o
    0x0800514c   0x00000050   Code   RO         3768    i.IIC_NAck          myiic.o
    0x0800519c   0x00000078   Code   RO         3770    i.IIC_Send_Byte     myiic.o
    0x08005214   0x00000050   Code   RO         3771    i.IIC_Start         myiic.o
    0x08005264   0x00000050   Code   RO         3772    i.IIC_Stop          myiic.o
    0x080052b4   0x0000004c   Code   RO         3678    i.LED_Init          led.o
    0x08005300   0x00000046   Code   RO         3860    i.MPU9250_Init      mpu9250.o
    0x08005346   0x00000040   Code   RO         3774    i.MPU_Read          myiic.o
    0x08005386   0x0000003e   Code   RO         3775    i.MPU_Write         myiic.o
    0x080053c4   0x000000b0   Code   RO         3934    i.MYDMA_Config      dma.o
    0x08005474   0x00000002   Code   RO          399    i.MemManage_Handler  stm32f7xx_it.o
    0x08005476   0x00000002   PAD
    0x08005478   0x000000b4   Code   RO         1079    i.Message_Ack_handle  usart.o
    0x0800552c   0x00000002   Code   RO          400    i.NMI_Handler       stm32f7xx_it.o
    0x0800552e   0x00000002   PAD
    0x08005530   0x00000044   Code   RO          834    i.ProcessCheckResult  sendgps.o
    0x08005574   0x00000038   Code   RO          835    i.ProcessCheckToA   sendgps.o
    0x080055ac   0x00000004   PAD
    0x080055b0   0x00000328   Code   RO          761    i.ProcessGPGGA      getgps.o
    0x080058d8   0x00000340   Code   RO          762    i.ProcessGPRMC      getgps.o
    0x08005c18   0x0000009c   Code   RO          836    i.ProcessIITOA      sendgps.o
    0x08005cb4   0x0000003c   Code   RO          837    i.ProcessITOA       sendgps.o
    0x08005cf0   0x00000228   Code   RO          840    i.ProcessLatToA     sendgps.o
    0x08005f18   0x00000248   Code   RO          841    i.ProcessLongToA    sendgps.o
    0x08006160   0x000005da   Code   RO          843    i.ProcessSFTOA      sendgps.o
    0x0800673a   0x00000002   PAD
    0x0800673c   0x000001b0   Code   RO         1080    i.Receive_NMEA      usart.o
    0x080068ec   0x00000024   Code   RO         3582    i.SDMMC_DataConfig  stm32f7xx_ll_sdmmc.o
    0x08006910   0x00000006   Code   RO         3583    i.SDMMC_GetCommandResponse  stm32f7xx_ll_sdmmc.o
    0x08006916   0x00000008   Code   RO         3586    i.SDMMC_GetPowerState  stm32f7xx_ll_sdmmc.o
    0x0800691e   0x0000000e   Code   RO         3587    i.SDMMC_GetResponse  stm32f7xx_ll_sdmmc.o
    0x0800692c   0x0000002c   Code   RO         3588    i.SDMMC_Init        stm32f7xx_ll_sdmmc.o
    0x08006958   0x00000008   Code   RO         3590    i.SDMMC_PowerState_ON  stm32f7xx_ll_sdmmc.o
    0x08006960   0x00000006   Code   RO         3591    i.SDMMC_ReadFIFO    stm32f7xx_ll_sdmmc.o
    0x08006966   0x00000020   Code   RO         3592    i.SDMMC_SendCommand  stm32f7xx_ll_sdmmc.o
    0x08006986   0x0000000a   Code   RO         3594    i.SDMMC_WriteFIFO   stm32f7xx_ll_sdmmc.o
    0x08006990   0x00000118   Code   RO         3405    i.SD_CmdResp1Error  stm32f7xx_hal_sd.o
    0x08006aa8   0x0000012c   Code   RO         3410    i.SD_FindSCR        stm32f7xx_hal_sd.o
    0x08006bd4   0x00000040   Code   RO         3966    i.SD_Init           sdmmc_sdcard.o
    0x08006c14   0x00000194   Code   RO         3411    i.SD_IsCardProgramming  stm32f7xx_hal_sd.o
    0x08006da8   0x0000008c   Code   RO         3967    i.SD_ReadDisk       sdmmc_sdcard.o
    0x08006e34   0x0000008c   Code   RO         3968    i.SD_WriteDisk      sdmmc_sdcard.o
    0x08006ec0   0x00000260   Code   RO          763    i.SendConfigMessage  getgps.o
    0x08007120   0x00000098   Code   RO            5    i.Set_System        main.o
    0x080071b8   0x000000a0   Code   RO         1031    i.Stm32_Clock_Init  sys.o
    0x08007258   0x00000016   Code   RO          977    i.SysTick_Handler   delay.o
    0x0800726e   0x00000002   PAD
    0x08007270   0x00000058   Code   RO          457    i.SystemInit        system_stm32f7xx.o
    0x080072c8   0x0000000c   Code   RO         3704    i.TIM2_IRQHandler   timer.o
    0x080072d4   0x0000000c   Code   RO         3706    i.TIM3_IRQHandler   timer.o
    0x080072e0   0x0000002c   Code   RO         3707    i.TIM3_Init         timer.o
    0x0800730c   0x000000c4   Code   RO         2593    i.TIM_Base_SetConfig  stm32f7xx_hal_tim.o
    0x080073d0   0x000000da   Code   RO         1930    i.UART_AdvFeatureConfig  stm32f7xx_hal_uart.o
    0x080074aa   0x00000060   Code   RO         1931    i.UART_CheckIdleState  stm32f7xx_hal_uart.o
    0x0800750a   0x00000014   Code   RO         1932    i.UART_DMAAbortOnError  stm32f7xx_hal_uart.o
    0x0800751e   0x00000064   Code   RO         1933    i.UART_DMAError     stm32f7xx_hal_uart.o
    0x08007582   0x00000032   Code   RO         1936    i.UART_DMATransmitCplt  stm32f7xx_hal_uart.o
    0x080075b4   0x0000000a   Code   RO         1937    i.UART_DMATxHalfCplt  stm32f7xx_hal_uart.o
    0x080075be   0x0000007c   Code   RO         1938    i.UART_Receive_IT   stm32f7xx_hal_uart.o
    0x0800763a   0x00000002   PAD
    0x0800763c   0x000002a8   Code   RO         1939    i.UART_SetConfig    stm32f7xx_hal_uart.o
    0x080078e4   0x00000074   Code   RO         1940    i.UART_WaitOnFlagUntilTimeout  stm32f7xx_hal_uart.o
    0x08007958   0x00000020   Code   RO         1081    i.USART1_IRQHandler  usart.o
    0x08007978   0x00000020   Code   RO         1082    i.USART2_IRQHandler  usart.o
    0x08007998   0x00000002   Code   RO          401    i.UsageFault_Handler  stm32f7xx_it.o
    0x0800799a   0x00000006   PAD
    0x080079a0   0x00000038   Code   RO         6438    i.__hardfp_atof     m_wv.l(atof.o)
    0x080079d8   0x00000018   Code   RO         6612    i.__mathlib_dbl_overflow  m_wv.l(dunder.o)
    0x080079f0   0x00000018   Code   RO         6614    i.__mathlib_dbl_underflow  m_wv.l(dunder.o)
    0x08007a08   0x000000a4   Code   RO         6808    i.__mathlib_narrow  m_wv.l(narrow.o)
    0x08007aac   0x00000004   PAD
    0x08007ab0   0x000000b8   Code   RO         6857    i.__support_ldexp   m_wv.l(ldexp.o)
    0x08007b68   0x0000000e   Code   RO         6353    i._is_digit         c_w.l(__printf_wp.o)
    0x08007b76   0x00000002   Code   RO         1083    i._sys_exit         usart.o
    0x08007b78   0x0000007a   Code   RO         5576    i.change_bitmap     ff.o
    0x08007bf2   0x00000002   PAD
    0x08007bf4   0x000000b4   Code   RO         5577    i.check_fs          ff.o
    0x08007ca8   0x00000036   Code   RO         5578    i.clmt_clust        ff.o
    0x08007cde   0x00000016   Code   RO         5579    i.clust2sect        ff.o
    0x08007cf4   0x000001b6   Code   RO         5580    i.create_chain      ff.o
    0x08007eaa   0x00000002   PAD
    0x08007eac   0x00000038   Code   RO          978    i.delay_init        delay.o
    0x08007ee4   0x0000005c   Code   RO          979    i.delay_ms          delay.o
    0x08007f40   0x00000034   Code   RO          980    i.delay_us          delay.o
    0x08007f74   0x00000066   Code   RO         5581    i.dir_alloc         ff.o
    0x08007fda   0x00000002   PAD
    0x08007fdc   0x00000264   Code   RO         5582    i.dir_find          ff.o
    0x08008240   0x0000013a   Code   RO         5583    i.dir_next          ff.o
    0x0800837a   0x00000002   PAD
    0x0800837c   0x00000174   Code   RO         5584    i.dir_read          ff.o
    0x080084f0   0x0000042c   Code   RO         5585    i.dir_register      ff.o
    0x0800891c   0x000000a8   Code   RO         5587    i.dir_sdi           ff.o
    0x080089c4   0x00000012   Code   RO         5510    i.disk_initialize   diskio.o
    0x080089d6   0x00000002   PAD
    0x080089d8   0x00000044   Code   RO         5511    i.disk_ioctl        diskio.o
    0x08008a1c   0x00000038   Code   RO         5512    i.disk_read         diskio.o
    0x08008a54   0x00000004   Code   RO         5513    i.disk_status       diskio.o
    0x08008a58   0x00000038   Code   RO         5514    i.disk_write        diskio.o
    0x08008a90   0x00000088   Code   RO         4426    i.eTaskGetState     tasks.o
    0x08008b18   0x00000068   Code   RO         5910    i.exfuns_init       exfuns.o
    0x08008b80   0x00000020   Code   RO         5588    i.f_close           ff.o
    0x08008ba0   0x0000030c   Code   RO         5595    i.f_lseek           ff.o
    0x08008eac   0x000001f2   Code   RO         5596    i.f_mkdir           ff.o
    0x0800909e   0x00000002   PAD
    0x080090a0   0x00000054   Code   RO         5598    i.f_mount           ff.o
    0x080090f4   0x000002ca   Code   RO         5599    i.f_open            ff.o
    0x080093be   0x000000ee   Code   RO         5600    i.f_opendir         ff.o
    0x080094ac   0x000003cc   Code   RO         5601    i.f_printf          ff.o
    0x08009878   0x00000078   Code   RO         5603    i.f_puts            ff.o
    0x080098f0   0x000001ba   Code   RO         5609    i.f_sync            ff.o
    0x08009aaa   0x0000024c   Code   RO         5612    i.f_write           ff.o
    0x08009cf6   0x00000002   PAD
    0x08009cf8   0x00000058   Code   RO         6209    i.ff_convert        cc936.o
    0x08009d50   0x00000008   Code   RO         5515    i.ff_memalloc       diskio.o
    0x08009d58   0x00000008   Code   RO         5516    i.ff_memfree        diskio.o
    0x08009d60   0x000000a0   Code   RO         6210    i.ff_wtoupper       cc936.o
    0x08009e00   0x00000564   Code   RO         5613    i.find_volume       ff.o
    0x0800a364   0x00000348   Code   RO         5614    i.follow_path       ff.o
    0x0800a6ac   0x00000014   Code   RO         1084    i.fputc             usart.o
    0x0800a6c0   0x0000008c   Code   RO         6832    i.frexp             m_wv.l(frexp.o)
    0x0800a74c   0x00000162   Code   RO         5615    i.get_fat           ff.o
    0x0800a8ae   0x00000004   Code   RO         5517    i.get_fattime       diskio.o
    0x0800a8b2   0x00000068   Code   RO         5617    i.get_ldnumber      ff.o
    0x0800a91a   0x00000020   Code   RO         5618    i.ld_clust          ff.o
    0x0800a93a   0x00000054   Code   RO         5619    i.ld_qword          ff.o
    0x0800a98e   0x0000010e   Code   RO         5620    i.load_xdir         ff.o
    0x0800aa9c   0x00000064   Code   RO            6    i.main              main.o
    0x0800ab00   0x00000036   Code   RO         5621    i.move_window       ff.o
    0x0800ab36   0x00000002   PAD
    0x0800ab38   0x0000003c   Code   RO         5429    i.my_mem_init       malloc.o
    0x0800ab74   0x00000094   Code   RO         5430    i.my_mem_malloc     malloc.o
    0x0800ac08   0x00000044   Code   RO         5431    i.my_mem_perused    malloc.o
    0x0800ac4c   0x00000070   Code   RO         5432    i.myfree            malloc.o
    0x0800acbc   0x00000024   Code   RO         5433    i.mymalloc          malloc.o
    0x0800ace0   0x00000074   Code   RO         4428    i.prvAddCurrentTaskToDelayedList  tasks.o
    0x0800ad54   0x0000006e   Code   RO         4211    i.prvCopyDataToQueue  queue.o
    0x0800adc2   0x00000002   PAD
    0x0800adc4   0x0000007c   Code   RO         4429    i.prvIdleTask       tasks.o
    0x0800ae40   0x00000064   Code   RO         4946    i.prvInsertBlockIntoFreeList  heap_4.o
    0x0800aea4   0x00000040   Code   RO         4750    i.prvInsertTimerInActiveList  timers.o
    0x0800aee4   0x00000094   Code   RO         4212    i.prvNotifyQueueSetContainer  queue.o
    0x0800af78   0x0000009c   Code   RO         4751    i.prvSampleTimeNow  timers.o
    0x0800b014   0x00000070   Code   RO         4858    i.prvTaskExitError  port.o
    0x0800b084   0x00000254   Code   RO         4752    i.prvTimerTask      timers.o
    0x0800b2d8   0x0000007a   Code   RO         4213    i.prvUnlockQueue    queue.o
    0x0800b352   0x0000011a   Code   RO         5623    i.put_fat           ff.o
    0x0800b46c   0x00000160   Code   RO         4947    i.pvPortMalloc      heap_4.o
    0x0800b5cc   0x00000018   Code   RO         4431    i.pvTaskIncrementMutexHeldCount  tasks.o
    0x0800b5e4   0x0000002c   Code   RO         4859    i.pxPortInitialiseStack  port.o
    0x0800b610   0x00000168   Code   RO         5625    i.remove_chain      ff.o
    0x0800b778   0x000000f8   Code   RO         5913    i.sd_creatfile      exfuns.o
    0x0800b870   0x00000038   Code   RO         5914    i.sd_savegps        exfuns.o
    0x0800b8a8   0x00000094   Code   RO         5915    i.sd_saveimu        exfuns.o
    0x0800b93c   0x00000018   Code   RO         5626    i.st_clust          ff.o
    0x0800b954   0x00000012   Code   RO         5627    i.st_dword          ff.o
    0x0800b966   0x0000004a   Code   RO         5628    i.st_qword          ff.o
    0x0800b9b0   0x00000028   Code   RO            7    i.start_task        main.o
    0x0800b9d8   0x0000009c   Code   RO         5629    i.store_xdir        ff.o
    0x0800ba74   0x00000090   Code   RO         5630    i.sync_fs           ff.o
    0x0800bb04   0x00000054   Code   RO         5631    i.sync_window       ff.o
    0x0800bb58   0x0000004c   Code   RO          615    i.task1_init        task1.o
    0x0800bba4   0x000000b8   Code   RO          616    i.task1_main        task1.o
    0x0800bc5c   0x00000028   Code   RO          617    i.task1_send_massage  task1.o
    0x0800bc84   0x00000048   Code   RO          667    i.task2_init        task2.o
    0x0800bccc   0x00000170   Code   RO          668    i.task2_main        task2.o
    0x0800be3c   0x00000024   Code   RO          669    i.task2_send_massage  task2.o
    0x0800be60   0x00000068   Code   RO         1085    i.uart_init         usart.o
    0x0800bec8   0x00000024   Code   RO         4162    i.uxListRemove      list.o
    0x0800beec   0x00000016   Code   RO         4163    i.vListInitialise   list.o
    0x0800bf02   0x00000006   Code   RO         4164    i.vListInitialiseItem  list.o
    0x0800bf08   0x0000003a   Code   RO         4165    i.vListInsert       list.o
    0x0800bf42   0x00000018   Code   RO         4166    i.vListInsertEnd    list.o
    0x0800bf5a   0x00000002   PAD
    0x0800bf5c   0x00000080   Code   RO         4861    i.vPortEnterCritical  port.o
    0x0800bfdc   0x0000006c   Code   RO         4862    i.vPortExitCritical  port.o
    0x0800c048   0x000000a0   Code   RO         4948    i.vPortFree         heap_4.o
    0x0800c0e8   0x00000090   Code   RO         4864    i.vPortValidateInterruptPriority  port.o
    0x0800c178   0x00000028   Code   RO         4219    i.vQueueAddToRegistry  queue.o
    0x0800c1a0   0x0000004a   Code   RO         4223    i.vQueueWaitForMessageRestricted  queue.o
    0x0800c1ea   0x00000002   PAD
    0x0800c1ec   0x00000070   Code   RO         4439    i.vTaskDelay        tasks.o
    0x0800c25c   0x000000f4   Code   RO         4441    i.vTaskDelete       tasks.o
    0x0800c350   0x0000000c   Code   RO         4445    i.vTaskMissedYield  tasks.o
    0x0800c35c   0x00000058   Code   RO         4447    i.vTaskPlaceOnEventList  tasks.o
    0x0800c3b4   0x00000060   Code   RO         4448    i.vTaskPlaceOnEventListRestricted  tasks.o
    0x0800c414   0x0000008c   Code   RO         4450    i.vTaskPriorityInherit  tasks.o
    0x0800c4a0   0x00000028   Code   RO         4454    i.vTaskSetTimeOutState  tasks.o
    0x0800c4c8   0x000000a4   Code   RO         4455    i.vTaskStartScheduler  tasks.o
    0x0800c56c   0x00000010   Code   RO         4457    i.vTaskSuspendAll   tasks.o
    0x0800c57c   0x00000060   Code   RO         4458    i.vTaskSwitchContext  tasks.o
    0x0800c5dc   0x00000036   Code   RO         5632    i.validate          ff.o
    0x0800c612   0x00000002   PAD
    0x0800c614   0x0000010c   Code   RO         4865    i.xPortStartScheduler  port.o
    0x0800c720   0x00000030   Code   RO         4866    i.xPortSysTickHandler  port.o
    0x0800c750   0x0000005c   Code   RO         4228    i.xQueueGenericCreate  queue.o
    0x0800c7ac   0x000001c4   Code   RO         4229    i.xQueueGenericReceive  queue.o
    0x0800c970   0x000000a8   Code   RO         4230    i.xQueueGenericReset  queue.o
    0x0800ca18   0x00000190   Code   RO         4231    i.xQueueGenericSend  queue.o
    0x0800cba8   0x000000ec   Code   RO         4232    i.xQueueGenericSendFromISR  queue.o
    0x0800cc94   0x000000b0   Code   RO         4238    i.xQueueReceiveFromISR  queue.o
    0x0800cd44   0x000000a4   Code   RO         4459    i.xTaskCheckForTimeOut  tasks.o
    0x0800cde8   0x00000188   Code   RO         4460    i.xTaskCreate       tasks.o
    0x0800cf70   0x0000001c   Code   RO         4464    i.xTaskGetSchedulerState  tasks.o
    0x0800cf8c   0x0000000c   Code   RO         4465    i.xTaskGetTickCount  tasks.o
    0x0800cf98   0x0000010c   Code   RO         4467    i.xTaskIncrementTick  tasks.o
    0x0800d0a4   0x000000b8   Code   RO         4470    i.xTaskPriorityDisinherit  tasks.o
    0x0800d15c   0x00000094   Code   RO         4471    i.xTaskRemoveFromEventList  tasks.o
    0x0800d1f0   0x00000108   Code   RO         4473    i.xTaskResumeAll    tasks.o
    0x0800d2f8   0x000000bc   Code   RO         4756    i.xTimerCreateTimerTask  timers.o
    0x0800d3b4   0x0000009c   Code   RO         4757    i.xTimerGenericCommand  timers.o
    0x0800d450   0x0000002c   Code   RO         6689    locale$$code        c_w.l(lc_numeric_c.o)
    0x0800d47c   0x0000002c   Code   RO         6721    locale$$code        c_w.l(lc_ctype_c.o)
    0x0800d4a8   0x00000010   Code   RO         6873    x$fpl$dcheck1       fz_wv.l(dcheck1.o)
    0x0800d4b8   0x0000009c   Code   RO         6602    x$fpl$dnaninf       fz_wv.l(dnaninf.o)
    0x0800d554   0x0000000a   Code   RO         6700    x$fpl$fpinit        fz_wv.l(fpinit.o)
    0x0800d55e   0x00000002   PAD
    0x0800d560   0x00000078   Code   RO         6394    x$fpl$llufromd      fz_wv.l(dfixull.o)
    0x0800d5d8   0x00000064   Code   RO         6875    x$fpl$retnan        fz_wv.l(retnan.o)
    0x0800d63c   0x0000005c   Code   RO         6871    x$fpl$scalbn        fz_wv.l(scalbn.o)
    0x0800d698   0x00000004   Code   RO         6702    x$fpl$scanf1        fz_wv.l(scanf1.o)
    0x0800d69c   0x00000008   Code   RO         6801    x$fpl$scanf2        fz_wv.l(scanf2.o)
    0x0800d6a4   0x00000030   Code   RO         6877    x$fpl$trapveneer    fz_wv.l(trapv.o)
    0x0800d6d4   0x00000000   Code   RO         6604    x$fpl$usenofp       fz_wv.l(usenofp.o)
    0x0800d6d4   0x00000010   Data   RO          458    .constdata          system_stm32f7xx.o
    0x0800d6e4   0x00000008   Data   RO          459    .constdata          system_stm32f7xx.o
    0x0800d6ec   0x00000008   Data   RO         2392    .constdata          stm32f7xx_hal_dma.o
    0x0800d6f4   0x00000024   Data   RO         5443    .constdata          malloc.o
    0x0800d718   0x0000004a   Data   RO         5634    .constdata          ff.o
    0x0800d762   0x0002abb6   Data   RO         6211    .constdata          cc936.o
    0x08038318   0x00000094   Data   RO         6750    .constdata          c_w.l(bigflt0.o)
    0x080383ac   0x00000020   Data   RO         6879    Region$$Table       anon$$obj.o
    0x080383cc   0x00000008   Data   RO         6796    c$$dinf             fz_wv.l(fpconst.o)
    0x080383d4   0x0000001c   Data   RO         6688    locale$$data        c_w.l(lc_numeric_c.o)
    0x080383f0   0x00000110   Data   RO         6720    locale$$data        c_w.l(lc_ctype_c.o)


    Execution Region RW_IRAM1 (Base: 0x20020000, Size: 0x0004c498, Max: 0x00060000, ABSOLUTE, COMPRESSED[0x00000030])

    Base Addr    Size         Type   Attr      Idx    E Section Name        Object

    0x20020000   0x0000000c   Data   RW           16    .data               main.o
    0x2002000c   0x00000008   Data   RW           18    .data               main.o
    0x20020014   0x00000004   Data   RW          460    .data               system_stm32f7xx.o
    0x20020018   0x0000001c   Data   RW          618    .data               task1.o
    0x20020034   0x00000010   Data   RW          670    .data               task2.o
    0x20020044   0x0000000c   Data   RW          720    .data               gpstask.o
    0x20020050   0x00000003   Data   RW          765    .data               getgps.o
    0x20020053   0x00000005   PAD
    0x20020058   0x00000068   Data   RW          849    .data               sendgps.o
    0x200200c0   0x00000008   Data   RW          982    .data               delay.o
    0x200200c8   0x0000000c   Data   RW         1087    .data               usart.o
    0x200200d4   0x00000004   Data   RW         1088    .data               usart.o
    0x200200d8   0x00000004   Data   RW         1209    .data               stm32f7xx_hal.o
    0x200200dc   0x00000001   Data   RW         3898    .data               exti.o
    0x200200dd   0x00000003   PAD
    0x200200e0   0x0000003c   Data   RW         4476    .data               tasks.o
    0x2002011c   0x00000014   Data   RW         4765    .data               timers.o
    0x20020130   0x0000000c   Data   RW         4867    .data               port.o
    0x2002013c   0x00000018   Data   RW         4953    .data               heap_4.o
    0x20020154   0x00000024   Data   RW         5444    .data               malloc.o
    0x20020178   0x00000002   Data   RW         5635    .data               ff.o
    0x2002017a   0x00000002   PAD
    0x2002017c   0x0000000c   Data   RW         5929    .data               exfuns.o
    0x20020188   0x000004d0   Zero   RW            9    .bss                main.o
    0x20020658   0x0000000a   Zero   RW           12    .bss                main.o
    0x20020662   0x00000006   PAD
    0x20020668   0x00000060   Zero   RW           13    .bss                main.o
    0x200206c8   0x0000001e   Zero   RW          764    .bss                getgps.o
    0x200206e6   0x000001bd   Zero   RW          848    .bss                sendgps.o
    0x200208a3   0x00000001   PAD
    0x200208a4   0x00000150   Zero   RW         1086    .bss                usart.o
    0x200209f4   0x00000078   Zero   RW         3708    .bss                timer.o
    0x20020a6c   0x000000c0   Zero   RW         3935    .bss                dma.o
    0x20020b2c   0x00000004   PAD
    0x20020b30   0x000002b8   Zero   RW         3969    .bss                sdmmc_sdcard.o
    0x20020de8   0x00000040   Zero   RW         4243    .bss                queue.o
    0x20020e28   0x000002e4   Zero   RW         4475    .bss                tasks.o
    0x2002110c   0x00000028   Zero   RW         4764    .bss                timers.o
    0x20021134   0x00020000   Zero   RW         4952    .bss                heap_4.o
    0x20041134   0x00000004   PAD
    0x20041138   0x000004d8   Zero   RW         5324    .bss                globalvars.o
    0x20041610   0x00000010   PAD
    0x20041620   0x00028000   Zero   RW         5441    .bss                malloc.o
    0x20069620   0x00002800   Zero   RW         5442    .bss                malloc.o
    0x2006be20   0x0000000c   Zero   RW         5633    .bss                ff.o
    0x2006be2c   0x0000000c   Zero   RW         5924    .bss                exfuns.o
    0x2006be38   0x00000060   Zero   RW         6647    .bss                c_w.l(libspace.o)
    0x2006be98   0x00000200   Zero   RW         1175    HEAP                startup_stm32f767xx.o
    0x2006c098   0x00000400   Zero   RW         1174    STACK               startup_stm32f767xx.o



  Load Region LR$$.ARM.__AT_0x20000000 (Base: 0x20000000, Size: 0x00000000, Max: 0x0000f000, ABSOLUTE)

    Execution Region ER$$.ARM.__AT_0x20000000 (Base: 0x20000000, Size: 0x0000f000, Max: 0x0000f000, ABSOLUTE, UNINIT)

    Base Addr    Size         Type   Attr      Idx    E Section Name        Object

    0x20000000   0x0000f000   Zero   RW         5437    .ARM.__AT_0x20000000  malloc.o



  Load Region LR$$.ARM.__AT_0x2000F000 (Base: 0x2000f000, Size: 0x00000000, Max: 0x00000f00, ABSOLUTE)

    Execution Region ER$$.ARM.__AT_0x2000F000 (Base: 0x2000f000, Size: 0x00000f00, Max: 0x00000f00, ABSOLUTE, UNINIT)

    Base Addr    Size         Type   Attr      Idx    E Section Name        Object

    0x2000f000   0x00000f00   Zero   RW         5438    .ARM.__AT_0x2000F000  malloc.o



  Load Region LR$$.ARM.__AT_0xC01F4000 (Base: 0xc01f4000, Size: 0x00000000, Max: 0x01c3c000, ABSOLUTE)

    Execution Region ER$$.ARM.__AT_0xC01F4000 (Base: 0xc01f4000, Size: 0x01c3c000, Max: 0x01c3c000, ABSOLUTE, UNINIT)

    Base Addr    Size         Type   Attr      Idx    E Section Name        Object

    0xc01f4000   0x01c3c000   Zero   RW         5439    .ARM.__AT_0xC01F4000  malloc.o



  Load Region LR$$.ARM.__AT_0xC1E30000 (Base: 0xc1e30000, Size: 0x00000000, Max: 0x001c3c00, ABSOLUTE)

    Execution Region ER$$.ARM.__AT_0xC1E30000 (Base: 0xc1e30000, Size: 0x001c3c00, Max: 0x001c3c00, ABSOLUTE, UNINIT)

    Base Addr    Size         Type   Attr      Idx    E Section Name        Object

    0xc1e30000   0x001c3c00   Zero   RW         5440    .ARM.__AT_0xC1E30000  malloc.o


==============================================================================

Image component sizes


      Code (inc. data)   RO Data    RW Data    ZI Data      Debug   Object Name

         0          0          0          0          0       4248   basicfunc.o
       248         26     175030          0          0       3335   cc936.o
       222         18          0          8          0       3385   delay.o
       222          4          0          0          0       6463   diskio.o
       176         24          0          0        192       1471   dma.o
         0          0          0          0          0      11864   event_groups.o
       556        196          0         12         12       4134   exfuns.o
       112         18          0          1          0       2280   exti.o
     12234         98         74          2         12      73445   ff.o
      3122        454          0          3         30       7896   getgps.o
         0          0          0          0       1240        258   globalvars.o
       244         40          0         12          0       2970   gpstask.o
       612        140          0         24     131072       3923   heap_4.o
        76          8          0          0          0        923   led.o
       146          0          0          0          0       3394   list.o
       292         48          0         20       1338     469660   main.o
       424         52         36         36   31695616       6095   malloc.o
       258          0          0          0          0       1853   mpu9250.o
       742         38          0          0          0       6013   myiic.o
      1038        400          0         12          0      10701   port.o
      2018        214          0          0         64      14502   queue.o
       484         46          0          0        696       4279   sdmmc_sdcard.o
      5398        260          0        104        445      20332   sendgps.o
        64         26        504          0       1536        860   startup_stm32f767xx.o
       128         22          0          4          0       4541   stm32f7xx_hal.o
       226         18          0          0          0      35657   stm32f7xx_hal_cortex.o
       852         20          8          0          0       5806   stm32f7xx_hal_dma.o
       604         20          0          0          0       4098   stm32f7xx_hal_gpio.o
       124         10          0          0          0       1356   stm32f7xx_hal_pwr_ex.o
       636         64          0          0          0       3986   stm32f7xx_hal_rcc.o
       964         22          0          0          0       2148   stm32f7xx_hal_rcc_ex.o
      4052         12          0          0          0      19781   stm32f7xx_hal_sd.o
       668         20          0          0          0       7831   stm32f7xx_hal_tim.o
         4          0          0          0          0       2006   stm32f7xx_hal_tim_ex.o
      2592         54          0          0          0      15949   stm32f7xx_hal_uart.o
        46         28          0          0          0       2869   stm32f7xx_it.o
       164          0          0          0          0       6478   stm32f7xx_ll_sdmmc.o
       312         28          0          0          0      34145   sys.o
        88         24         24          4          0       1183   system_stm32f7xx.o
       300         40          0         28          0       3131   task1.o
       476        168          0         16          0       6114   task2.o
      2868        638          0         60        740      30063   tasks.o
       232         52          0          0        120       3639   timer.o
      1160        196          0         20         40       7847   timers.o
      1130        100          0         16        336       9573   usart.o

    ----------------------------------------------------------------------
     46384       3654     175708        392   31833520     872485   Object Totals
         0          0         32          0          0          0   (incl. Generated)
        70          8          0         10         31          0   (incl. Padding)

    ----------------------------------------------------------------------

      Code (inc. data)   RO Data    RW Data    ZI Data      Debug   Library Member Name

        58          0          0          0          0          0   __dczerorl.o
         8          0          0          0          0         68   __main.o
       184          0          0          0          0         84   __printf_ss.o
        14          0          0          0          0         68   __printf_wp.o
         0          0          0          0          0          0   __rtentry.o
        12          0          0          0          0          0   __rtentry2.o
         6          0          0          0          0          0   __rtentry4.o
        52          8          0          0          0          0   __scatter.o
        28          0          0          0          0          0   __scatter_zi.o
        28          0          0          0          0         68   _chval.o
        44          0          0          0          0        108   _printf_char.o
        48          6          0          0          0         96   _printf_char_common.o
        36          4          0          0          0         80   _printf_char_file.o
         6          0          0          0          0          0   _printf_d.o
       120         16          0          0          0         92   _printf_dec.o
       178          0          0          0          0         88   _printf_intcommon.o
         0          0          0          0          0          0   _printf_percent.o
         4          0          0          0          0          0   _printf_percent_end.o
         6          0          0          0          0          0   _printf_s.o
        82          0          0          0          0         80   _printf_str.o
        22          0          0          0          0        100   _rserrno.o
        64          0          0          0          0         84   _sgetc.o
       158          0          0          0          0         92   _strtoul.o
         8          0          0          0          0         68   abs.o
        16          0          0          0          0         68   aeabi_memset.o
        26          0          0          0          0         80   atoi.o
       220          4        148          0          0         96   bigflt0.o
      1846        132          0          0          0        736   btod.o
        18          0          0          0          0         80   exit.o
         8          0          0          0          0         68   ferror.o
         6          0          0          0          0        152   heapauxi.o
        18          0          0          0          0         76   isspace.o
        44         10        272          0          0         76   lc_ctype_c.o
        44         10         28          0          0         76   lc_numeric_c.o
         2          0          0          0          0          0   libinit.o
        34          0          0          0          0          0   libinit2.o
         2          0          0          0          0          0   libshutdown.o
         2          0          0          0          0          0   libshutdown2.o
         8          4          0          0         96         68   libspace.o
        38          0          0          0          0         68   llshl.o
       238          0          0          0          0        100   lludivv7m.o
        24          4          0          0          0         84   noretval__2printf.o
        16          4          0          0          0         76   rt_ctype_table.o
         8          4          0          0          0         68   rt_errno_addr_intlibspace.o
         8          4          0          0          0         68   rt_locale_intlibspace.o
        68          0          0          0          0         68   rt_memclr.o
        78          0          0          0          0         80   rt_memclr_w.o
       138          0          0          0          0         68   rt_memcpy_v6.o
       100          0          0          0          0         80   rt_memcpy_w.o
         2          0          0          0          0          0   rtexit.o
        10          0          0          0          0          0   rtexit2.o
      1188         12          0          0          0        148   scanf_fp.o
       800         14          0          0          0        100   scanf_hexfp.o
       308         16          0          0          0        100   scanf_infnan.o
       104          0          0          0          0         68   strcmpv7m_pel.o
       164         14          0          0          0        120   strtod.o
       112          0          0          0          0         88   strtol.o
        74          0          0          0          0         80   sys_stackheap_outer.o
         2          0          0          0          0         68   use_no_semi.o
         2          0          0          0          0         68   use_no_semi_2.o
        16          4          0          0          0        116   dcheck1.o
       120          4          0          0          0        152   dfixull.o
       156          4          0          0          0        140   dnaninf.o
         0          0          8          0          0          0   fpconst.o
        10          0          0          0          0        116   fpinit.o
       100          0          0          0          0        116   retnan.o
        92          0          0          0          0        116   scalbn.o
         4          0          0          0          0        116   scanf1.o
         8          0          0          0          0        132   scanf2.o
        48          0          0          0          0        116   trapv.o
         0          0          0          0          0          0   usenofp.o
        56         12          0          0          0        132   atof.o
        48         28          0          0          0        232   dunder.o
       140         22          0          0          0        128   frexp.o
       184         14          0          0          0        156   ldexp.o
       164         20          0          0          0        152   narrow.o

    ----------------------------------------------------------------------
      8108        380        456          0         96       6272   Library Totals
        20          6          0          0          0          0   (incl. Padding)

    ----------------------------------------------------------------------

      Code (inc. data)   RO Data    RW Data    ZI Data      Debug   Library Name

      6942        266        448          0         96       4352   c_w.l
       554         12          8          0          0       1120   fz_wv.l
       592         96          0          0          0        800   m_wv.l

    ----------------------------------------------------------------------
      8108        380        456          0         96       6272   Library Totals

    ----------------------------------------------------------------------

==============================================================================


      Code (inc. data)   RO Data    RW Data    ZI Data      Debug   

     54492       4034     176164        392   31833616     849613   Grand Totals
     54492       4034     176164         48   31833616     849613   ELF Image Totals (compressed)
     54492       4034     176164         48          0          0   ROM Totals

==============================================================================

    Total RO  Size (Code + RO Data)               230656 ( 225.25kB)
    Total RW  Size (RW Data + ZI Data)          31834008 (31087.90kB)
    Total ROM Size (Code + RO Data + RW Data)     230704 ( 225.30kB)

==============================================================================

