<html>
<body>
<pre>
<h1>礦ision Build Log</h1>
<h2>Tool Versions:</h2>
IDE-Version: μVision V5.21.1.0
Copyright (C) 2016 ARM Ltd and ARM Germany GmbH. All rights reserved.
License Information: D Dawn, E, LIC=MGXG8-3825T-LV21I-T7VFI-ME3BI-LZH5K
 
Tool Versions:
Toolchain:       MDK-ARM Professional  Version: 5.21a
Toolchain Path:  D:\Keil_v5\ARM\ARMCC\Bin
C Compiler:      Armcc.exe V5.06 update 3 (build 300)
Assembler:       Armasm.exe V5.06 update 3 (build 300)
Linker/Locator:  ArmLink.exe V5.06 update 3 (build 300)
Library Manager: ArmAr.exe V5.06 update 3 (build 300)
Hex Converter:   FromElf.exe V5.06 update 3 (build 300)
CPU DLL:         SARMCM3.DLL V5.21a
Dialog DLL:      DCM.DLL V1.13.8.0
Target DLL:      STLink\ST-LINKIII-KEIL_SWO.dll V2.0.18.0
Dialog DLL:      TCM.DLL V1.14.14.0
 
<h2>Project:</h2>
D:\works\20200317-FreeRTOS---GPS移植\202003018--GPS+IMU_200ms+自加SD卡\USER\FreeRTOS.uvprojx
Project File Date:  04/13/2020

<h2>Output:</h2>
*** Using Compiler 'V5.06 update 3 (build 300)', folder: 'D:\Keil_v5\ARM\ARMCC\Bin'
Build target 'FreeRTOS'
compiling exfuns.c...
..\FATFS\exfuns\exfuns.h(89): warning:  #1295-D: Deprecated declaration sd_creatfile - give arg types
  void sd_creatfile();
..\FATFS\exfuns\exfuns.c(400): warning:  #177-D: variable "fatsd" was declared but never referenced
  FATFS fatsd;
..\FATFS\exfuns\exfuns.c(404): warning:  #177-D: variable "dirobj" was declared but never referenced
  DIR dirobj;    //目录????
..\FATFS\exfuns\exfuns.c(405): warning:  #177-D: variable "fileinfoobj" was declared but never referenced
  FILINFO fileinfoobj;  //??来保??目录?募???息
..\FATFS\exfuns\exfuns.c(426): warning:  #177-D: variable "fatsd" was declared but never referenced
  	FATFS fatsd;
..\FATFS\exfuns\exfuns.c(430): warning:  #177-D: variable "dirobj" was declared but never referenced
  	DIR dirobj;    //目录????
..\FATFS\exfuns\exfuns.c(431): warning:  #177-D: variable "fileinfoobj" was declared but never referenced
  	FILINFO fileinfoobj;  //??来保??目录?募???息
..\FATFS\exfuns\exfuns.c(443): warning:  #177-D: variable "fatsd" was declared but never referenced
  		FATFS fatsd;
..\FATFS\exfuns\exfuns.c(445): warning:  #550-D: variable "fr" was set but never used
  	FRESULT fr;
..\FATFS\exfuns\exfuns.c(447): warning:  #177-D: variable "dirobj" was declared but never referenced
  	DIR dirobj;    //目录????
..\FATFS\exfuns\exfuns.c(448): warning:  #177-D: variable "fileinfoobj" was declared but never referenced
  	FILINFO fileinfoobj;  //??来保??目录?募???息
..\FATFS\exfuns\exfuns.c(459): warning:  #177-D: variable "fatsd" was declared but never referenced
  		FATFS fatsd;
..\FATFS\exfuns\exfuns.c(461): warning:  #550-D: variable "fr" was set but never used
  	FRESULT fr;
..\FATFS\exfuns\exfuns.c(462): warning:  #177-D: variable "brs" was declared but never referenced
  	UINT brs;
..\FATFS\exfuns\exfuns.c(463): warning:  #177-D: variable "dirobj" was declared but never referenced
  	DIR dirobj;    //目录????
..\FATFS\exfuns\exfuns.c(464): warning:  #177-D: variable "fileinfoobj" was declared but never referenced
  	FILINFO fileinfoobj;  //??来保??目录?募???息
..\FATFS\exfuns\exfuns.c(476): warning:  #177-D: variable "fatsd" was declared but never referenced
  		FATFS fatsd;
..\FATFS\exfuns\exfuns.c(478): warning:  #550-D: variable "fr" was set but never used
  	FRESULT fr;
..\FATFS\exfuns\exfuns.c(479): warning:  #177-D: variable "brs" was declared but never referenced
  	UINT brs;
..\FATFS\exfuns\exfuns.c(480): warning:  #177-D: variable "dirobj" was declared but never referenced
  	DIR dirobj;    //目录????
..\FATFS\exfuns\exfuns.c(481): warning:  #177-D: variable "fileinfoobj" was declared but never referenced
  	FILINFO fileinfoobj;  //??来保??目录?募???息
..\FATFS\exfuns\exfuns.c(491): warning:  #177-D: variable "fatsd" was declared but never referenced
  		FATFS fatsd;
..\FATFS\exfuns\exfuns.c(493): warning:  #550-D: variable "fr" was set but never used
  	FRESULT fr;
..\FATFS\exfuns\exfuns.c(494): warning:  #177-D: variable "brs" was declared but never referenced
  	UINT brs;
..\FATFS\exfuns\exfuns.c(495): warning:  #177-D: variable "dirobj" was declared but never referenced
  	DIR dirobj;    //目录????
..\FATFS\exfuns\exfuns.c(496): warning:  #177-D: variable "fileinfoobj" was declared but never referenced
  	FILINFO fileinfoobj;  //??来保??目录?募???息
..\FATFS\exfuns\exfuns.c(511): warning:  #177-D: variable "fatsd" was declared but never referenced
  		FATFS fatsd;
..\FATFS\exfuns\exfuns.c(512): warning:  #177-D: variable "fileobj" was declared but never referenced
  	FIL fileobj;   //?募??螅４娴?前???鞯??募?状??
..\FATFS\exfuns\exfuns.c(514): warning:  #177-D: variable "brs" was declared but never referenced
  	UINT brs;
..\FATFS\exfuns\exfuns.c(537): warning:  #177-D: variable "fatsd" was declared but never referenced
  		FATFS fatsd;
..\FATFS\exfuns\exfuns.c(538): warning:  #177-D: variable "fileobj" was declared but never referenced
  	FIL fileobj;   //?募??螅４娴?前???鞯??募?状??
..\FATFS\exfuns\exfuns.c(539): warning:  #177-D: variable "fr" was declared but never referenced
  	FRESULT fr;
..\FATFS\exfuns\exfuns.c(540): warning:  #177-D: variable "brs" was declared but never referenced
  	UINT brs;
..\FATFS\exfuns\exfuns.c(541): warning:  #177-D: variable "dirobj" was declared but never referenced
  	DIR dirobj;    //目录????
..\FATFS\exfuns\exfuns.c(542): warning:  #177-D: variable "fileinfoobj" was declared but never referenced
  	FILINFO fileinfoobj;  //??来保??目录?募???息
..\FATFS\exfuns\exfuns.c(543): warning:  #177-D: variable "recdir" was declared but never referenced
  	DIR recdir;	
..\FATFS\exfuns\exfuns.c(560): warning:  #177-D: variable "fatsd" was declared but never referenced
  		FATFS fatsd;
..\FATFS\exfuns\exfuns.c(561): warning:  #177-D: variable "fileobj" was declared but never referenced
  	FIL fileobj;   //?募??螅４娴?前???鞯??募?状??
..\FATFS\exfuns\exfuns.c(563): warning:  #177-D: variable "brs" was declared but never referenced
  	UINT brs;
..\FATFS\exfuns\exfuns.c(617): warning:  #177-D: variable "brs" was declared but never referenced
  	UINT brs;
..\FATFS\exfuns\exfuns.c(618): warning:  #177-D: variable "recdir" was declared but never referenced
  	DIR recdir;	
..\FATFS\exfuns\exfuns.c(638): warning:  #177-D: variable "brs" was declared but never referenced
  		UINT brs;
..\FATFS\exfuns\exfuns.c(639): warning:  #177-D: variable "recdir" was declared but never referenced
  		DIR recdir;
..\FATFS\exfuns\exfuns.c: 43 warnings, 0 errors
linking...
Program Size: Code=54492 RO-data=176164 RW-data=392 ZI-data=31833616  
FromELF: creating hex file...
"..\OBJ\LED.axf" - 0 Error(s), 43 Warning(s).

<h2>Collection of Component include folders:</h2>
  D:\works\20200317-FreeRTOS---GPS移植\202003018--GPS+IMU_200ms+自加SD卡\USER\RTE
  D:\Keil_v5\ARM\PACK\Keil\STM32F7xx_DFP\2.7.0\Drivers\CMSIS\Device\ST\STM32F7xx\Include

<h2>Collection of Component Files used:</h2>
Build Time Elapsed:  00:00:08
</pre>
</body>
</html>
